Archive member included to satisfy reference by file (symbol)

/home/yu/NDN/RIOT/examples/controller-ace/bin/native/application_ndn_controller.a(main.o)
                              /usr/lib/gcc/x86_64-linux-gnu/5/../../../../lib32/crt1.o (main)
/home/yu/NDN/RIOT/examples/controller-ace/bin/native/application_ndn_controller.a(ndn_controller.o)
                              /home/yu/NDN/RIOT/examples/controller-ace/bin/native/application_ndn_controller.a(main.o) (ndn_controller_ace)
/home/yu/NDN/RIOT/examples/controller-ace/bin/native/board.a(board_init.o)
                              /home/yu/NDN/RIOT/examples/controller-ace/bin/native/cpu/startup.o (board_init)
/home/yu/NDN/RIOT/examples/controller-ace/bin/native/cipher_modes.a(cbc.o)
                              /home/yu/NDN/RIOT/examples/controller-ace/bin/native/application_ndn_controller.a(ndn_controller.o) (cipher_encrypt_cbc)
/home/yu/NDN/RIOT/examples/controller-ace/bin/native/core.a(sched.o)
                              /home/yu/NDN/RIOT/examples/controller-ace/bin/native/application_ndn_controller.a(ndn_controller.o) (sched_active_pid)
/home/yu/NDN/RIOT/examples/controller-ace/bin/native/core.a(kernel_init.o)
                              /home/yu/NDN/RIOT/examples/controller-ace/bin/native/cpu/startup.o (kernel_init)
/home/yu/NDN/RIOT/examples/controller-ace/bin/native/core.a(assert.o)
                              /home/yu/NDN/RIOT/examples/controller-ace/bin/native/cpu/startup.o (_assert_failure)
/home/yu/NDN/RIOT/examples/controller-ace/bin/native/core.a(thread.o)
                              /home/yu/NDN/RIOT/examples/controller-ace/bin/native/core.a(kernel_init.o) (thread_create)
/home/yu/NDN/RIOT/examples/controller-ace/bin/native/core.a(panic.o)
                              /home/yu/NDN/RIOT/examples/controller-ace/bin/native/core.a(assert.o) (assert_crash_message)
/home/yu/NDN/RIOT/examples/controller-ace/bin/native/cpu.a(syscalls.o)
                              /home/yu/NDN/RIOT/examples/controller-ace/bin/native/cpu/startup.o (real_exit)
/home/yu/NDN/RIOT/examples/controller-ace/bin/native/cpu.a(irq_cpu.o)
                              /home/yu/NDN/RIOT/examples/controller-ace/bin/native/cpu.a(syscalls.o) (native_interrupts_enabled)
/home/yu/NDN/RIOT/examples/controller-ace/bin/native/cpu.a(native_cpu.o)
                              /home/yu/NDN/RIOT/examples/controller-ace/bin/native/core.a(thread.o) (thread_stack_init)
/home/yu/NDN/RIOT/examples/controller-ace/bin/native/cpu.a(tramp.o)
                              /home/yu/NDN/RIOT/examples/controller-ace/bin/native/cpu.a(irq_cpu.o) (_native_sig_leave_tramp)
/home/yu/NDN/RIOT/examples/controller-ace/bin/native/crypto.a(ciphers.o)
                              /home/yu/NDN/RIOT/examples/controller-ace/bin/native/application_ndn_controller.a(ndn_controller.o) (cipher_init)
/home/yu/NDN/RIOT/examples/controller-ace/bin/native/crypto.a(aes.o)
                              /home/yu/NDN/RIOT/examples/controller-ace/bin/native/application_ndn_controller.a(ndn_controller.o) (CIPHER_AES_128)
/home/yu/NDN/RIOT/examples/controller-ace/bin/native/micro-ecc.a(uECC.o)
                              /home/yu/NDN/RIOT/examples/controller-ace/bin/native/application_ndn_controller.a(ndn_controller.o) (uECC_secp160r1)
/home/yu/NDN/RIOT/examples/controller-ace/bin/native/native-drivers.a(native-led.o)
                              /home/yu/NDN/RIOT/examples/controller-ace/bin/native/board.a(board_init.o) (_native_LED_GREEN_ON)
/home/yu/NDN/RIOT/examples/controller-ace/bin/native/ndn-encoding.a(shared-block.o)
                              /home/yu/NDN/RIOT/examples/controller-ace/bin/native/application_ndn_controller.a(ndn_controller.o) (ndn_shared_block_release)
/home/yu/NDN/RIOT/examples/controller-ace/bin/native/ndn-encoding.a(interest.o)
                              /home/yu/NDN/RIOT/examples/controller-ace/bin/native/application_ndn_controller.a(ndn_controller.o) (ndn_interest_get_name)
/home/yu/NDN/RIOT/examples/controller-ace/bin/native/ndn-encoding.a(name.o)
                              /home/yu/NDN/RIOT/examples/controller-ace/bin/native/ndn-encoding.a(interest.o) (ndn_name_total_length)
/home/yu/NDN/RIOT/examples/controller-ace/bin/native/ndn-encoding.a(block.o)
                              /home/yu/NDN/RIOT/examples/controller-ace/bin/native/application_ndn_controller.a(ndn_controller.o) (ndn_block_get_var_number)
/home/yu/NDN/RIOT/examples/controller-ace/bin/native/ndn-encoding.a(data.o)
                              /home/yu/NDN/RIOT/examples/controller-ace/bin/native/application_ndn_controller.a(ndn_controller.o) (ndn_data_create)
/home/yu/NDN/RIOT/examples/controller-ace/bin/native/ndn-encoding.a(metainfo.o)
                              /home/yu/NDN/RIOT/examples/controller-ace/bin/native/ndn-encoding.a(data.o) (ndn_metainfo_total_length)
/home/yu/NDN/RIOT/examples/controller-ace/bin/native/ndn-riot.a(app.o)
[...]
Memory Configuration

Name             Origin             Length             Attributes
*default*        0x0000000000000000 0xffffffffffffffff

Linker script and memory map

LOAD /usr/lib/gcc/x86_64-linux-gnu/5/../../../../lib32/crt1.o
LOAD /usr/lib/gcc/x86_64-linux-gnu/5/../../../../lib32/crti.o
LOAD /usr/lib/gcc/x86_64-linux-gnu/5/32/crtbegin.o
LOAD /home/yu/NDN/RIOT/examples/controller-ace/bin/native/cpu/startup.o
START GROUP
LOAD /home/yu/NDN/RIOT/examples/controller-ace/bin/native/application_ndn_controller.a
LOAD /home/yu/NDN/RIOT/examples/controller-ace/bin/native/auto_init.a
LOAD /home/yu/NDN/RIOT/examples/controller-ace/bin/native/auto_init_gnrc_netif.a
LOAD /home/yu/NDN/RIOT/examples/controller-ace/bin/native/board.a
LOAD /home/yu/NDN/RIOT/examples/controller-ace/bin/native/cipher_modes.a
LOAD /home/yu/NDN/RIOT/examples/controller-ace/bin/native/core.a
LOAD /home/yu/NDN/RIOT/examples/controller-ace/bin/native/cpu.a
LOAD /home/yu/NDN/RIOT/examples/controller-ace/bin/native/crypto.a
LOAD /home/yu/NDN/RIOT/examples/controller-ace/bin/native/div.a
LOAD /home/yu/NDN/RIOT/examples/controller-ace/bin/native/gnrc.a
LOAD /home/yu/NDN/RIOT/examples/controller-ace/bin/native/gnrc_netapi.a
LOAD /home/yu/NDN/RIOT/examples/controller-ace/bin/native/gnrc_netif.a
LOAD /home/yu/NDN/RIOT/examples/controller-ace/bin/native/gnrc_netif_hdr.a
LOAD /home/yu/NDN/RIOT/examples/controller-ace/bin/native/gnrc_netreg.a
LOAD /home/yu/NDN/RIOT/examples/controller-ace/bin/native/gnrc_pkt.a
LOAD /home/yu/NDN/RIOT/examples/controller-ace/bin/native/gnrc_pktbuf.a
LOAD /home/yu/NDN/RIOT/examples/controller-ace/bin/native/gnrc_pktbuf_static.a
LOAD /home/yu/NDN/RIOT/examples/controller-ace/bin/native/hashes.a
LOAD /home/yu/NDN/RIOT/examples/controller-ace/bin/native/iolist.a
LOAD /home/yu/NDN/RIOT/examples/controller-ace/bin/native/luid.a
LOAD /home/yu/NDN/RIOT/examples/controller-ace/bin/native/micro-ecc.a
LOAD /home/yu/NDN/RIOT/examples/controller-ace/bin/native/native-drivers.a
LOAD /home/yu/NDN/RIOT/examples/controller-ace/bin/native/ndn-encoding.a
LOAD /home/yu/NDN/RIOT/examples/controller-ace/bin/native/ndn-helper.a
LOAD /home/yu/NDN/RIOT/examples/controller-ace/bin/native/ndn-riot.a
LOAD /home/yu/NDN/RIOT/examples/controller-ace/bin/native/netdev_eth.a
LOAD /home/yu/NDN/RIOT/examples/controller-ace/bin/native/netdev_tap.a
LOAD /home/yu/NDN/RIOT/examples/controller-ace/bin/native/periph.a
LOAD /home/yu/NDN/RIOT/examples/controller-ace/bin/native/ps.a
LOAD /home/yu/NDN/RIOT/examples/controller-ace/bin/native/random.a
LOAD /home/yu/NDN/RIOT/examples/controller-ace/bin/native/shell.a
LOAD /home/yu/NDN/RIOT/examples/controller-ace/bin/native/shell_commands.a
LOAD /home/yu/NDN/RIOT/examples/controller-ace/bin/native/sys.a
LOAD /home/yu/NDN/RIOT/examples/controller-ace/bin/native/tinymt32.a
LOAD /home/yu/NDN/RIOT/examples/controller-ace/bin/native/xtimer.a
LOAD /home/yu/NDN/RIOT/examples/controller-ace/bin/native/periph_common.a
LOAD /usr/lib/gcc/x86_64-linux-gnu/5/../../../../lib32/libm.so
END GROUP
LOAD /usr/lib/gcc/x86_64-linux-gnu/5/../../../../lib32/libdl.so
LOAD /usr/lib/gcc/x86_64-linux-gnu/5/32/libgcc.a
LOAD /usr/lib/gcc/x86_64-linux-gnu/5/32/libgcc_s.so
LOAD /usr/lib/gcc/x86_64-linux-gnu/5/../../../../lib32/libc.so
START GROUP
LOAD /lib32/libc.so.6
LOAD /usr/lib32/libc_nonshared.a
LOAD /lib32/ld-linux.so.2
END GROUP
LOAD /usr/lib/gcc/x86_64-linux-gnu/5/32/libgcc.a
LOAD /usr/lib/gcc/x86_64-linux-gnu/5/32/libgcc_s.so
LOAD /usr/lib/gcc/x86_64-linux-gnu/5/32/crtend.o
LOAD /usr/lib/gcc/x86_64-linux-gnu/5/../../../../lib32/crtn.o
                [!provide]                        PROVIDE (__executable_start, 0x8048000)
                0x0000000008048154                . = (0x8048000 + SIZEOF_HEADERS)

.interp         0x0000000008048154       0x13
 *(.interp)
 .interp        0x0000000008048154       0x13 /usr/lib/gcc/x86_64-linux-gnu/5/../../../../lib32/crt1.o

.note.ABI-tag   0x0000000008048168       0x20
 .note.ABI-tag  0x0000000008048168       0x20 /usr/lib/gcc/x86_64-linux-gnu/5/../../../../lib32/crt1.o

.note.gnu.build-id
                0x0000000008048188       0x24
 *(.note.gnu.build-id)
 .note.gnu.build-id
                0x0000000008048188       0x24 /usr/lib/gcc/x86_64-linux-gnu/5/../../../../lib32/crt1.o

.hash
 *(.hash)

.gnu.hash       0x00000000080481ac       0xc0
 *(.gnu.hash)
 .gnu.hash      0x00000000080481ac       0xc0 /usr/lib/gcc/x86_64-linux-gnu/5/../../../../lib32/crt1.o

.dynsym         0x000000000804826c      0x380
 *(.dynsym)
 .dynsym        0x000000000804826c      0x380 /usr/lib/gcc/x86_64-linux-gnu/5/../../../../lib32/crt1.o

.dynstr         0x00000000080485ec      0x21c
 *(.dynstr)
 .dynstr        0x00000000080485ec      0x21c /usr/lib/gcc/x86_64-linux-gnu/5/../../../../lib32/crt1.o

.gnu.version    0x0000000008048808       0x70
 *(.gnu.version)
 .gnu.version   0x0000000008048808       0x70 /usr/lib/gcc/x86_64-linux-gnu/5/../../../../lib32/crt1.o

.gnu.version_d  0x0000000008048878        0x0
 *(.gnu.version_d)
 .gnu.version_d
                0x0000000008048878        0x0 /usr/lib/gcc/x86_64-linux-gnu/5/../../../../lib32/crt1.o

.gnu.version_r  0x0000000008048878       0x60
 *(.gnu.version_r)
 .gnu.version_r
                0x0000000008048878       0x60 /usr/lib/gcc/x86_64-linux-gnu/5/../../../../lib32/crt1.o

.rel.dyn        0x00000000080488d8       0x20
 *(.rel.init)
 *(.rel.text .rel.text.* .rel.gnu.linkonce.t.*)
 .rel.text      0x00000000080488d8        0x0 /usr/lib/gcc/x86_64-linux-gnu/5/../../../../lib32/crt1.o
 .rel.text._native_input
                0x00000000080488d8        0x0 /usr/lib/gcc/x86_64-linux-gnu/5/../../../../lib32/crt1.o
 .rel.text._native_log_output
                0x00000000080488d8        0x0 /usr/lib/gcc/x86_64-linux-gnu/5/../../../../lib32/crt1.o
 .rel.text.daemonize
                0x00000000080488d8        0x0 /usr/lib/gcc/x86_64-linux-gnu/5/../../../../lib32/crt1.o
 .rel.text.filter_daemonize_argv
                0x00000000080488d8        0x0 /usr/lib/gcc/x86_64-linux-gnu/5/../../../../lib32/crt1.o
 .rel.text.usage_exit
                0x00000000080488d8        0x0 /usr/lib/gcc/x86_64-linux-gnu/5/../../../../lib32/crt1.o
 .rel.text.startup
                0x00000000080488d8        0x0 /usr/lib/gcc/x86_64-linux-gnu/5/../../../../lib32/crt1.o
 .rel.text.main
                0x00000000080488d8        0x0 /usr/lib/gcc/x86_64-linux-gnu/5/../../../../lib32/crt1.o
 .rel.text.thread_getpid
                0x00000000080488d8        0x0 /usr/lib/gcc/x86_64-linux-gnu/5/../../../../lib32/crt1.o
 .rel.text.ndn_name_append_uint8
                0x00000000080488d8        0x0 /usr/lib/gcc/x86_64-linux-gnu/5/../../../../lib32/crt1.o
 .rel.text.vli_print
                0x00000000080488d8        0x0 /usr/lib/gcc/x86_64-linux-gnu/5/../../../../lib32/crt1.o
 .rel.text._ace_table_init
                0x00000000080488d8        0x0 /usr/lib/gcc/x86_64-linux-gnu/5/../../../../lib32/crt1.o
 .rel.text.ace_send_data
                0x00000000080488d8        0x0 /usr/lib/gcc/x86_64-linux-gnu/5/../../../../lib32/crt1.o
 .rel.text.ace_producer_operation
                0x00000000080488d8        0x0 /usr/lib/gcc/x86_64-linux-gnu/5/../../../../lib32/crt1.o
 .rel.text.ace_consumer_operation
                0x00000000080488d8        0x0 /usr/lib/gcc/x86_64-linux-gnu/5/../../../../lib32/crt1.o
 .rel.text.ace_user_defined_operation
                0x00000000080488d8        0x0 /usr/lib/gcc/x86_64-linux-gnu/5/../../../../lib32/crt1.o
 .rel.text.on_interest
                0x00000000080488d8        0x0 /usr/lib/gcc/x86_64-linux-gnu/5/../../../../lib32/crt1.o
 .rel.text.ndn_controller_ace
                0x00000000080488d8        0x0 /usr/lib/gcc/x86_64-linux-gnu/5/../../../../lib32/crt1.o
 .rel.text.board_init
                0x00000000080488d8        0x0 /usr/lib/gcc/x86_64-linux-gnu/5/../../../../lib32/crt1.o
 .rel.text.cipher_encrypt_cbc
                0x00000000080488d8        0x0 /usr/lib/gcc/x86_64-linux-gnu/5/../../../../lib32/crt1.o
 .rel.text.cipher_decrypt_cbc
                0x00000000080488d8        0x0 /usr/lib/gcc/x86_64-linux-gnu/5/../../../../lib32/crt1.o
 .rel.text.bitarithm_lsb
                0x00000000080488d8        0x0 /usr/lib/gcc/x86_64-linux-gnu/5/../../../../lib32/crt1.o
 .rel.text.clist_rpush
                0x00000000080488d8        0x0 /usr/lib/gcc/x86_64-linux-gnu/5/../../../../lib32/crt1.o
 .rel.text.clist_lpop
                0x00000000080488d8        0x0 /usr/lib/gcc/x86_64-linux-gnu/5/../../../../lib32/crt1.o
 .rel.text.sched_run
                0x00000000080488d8        0x0 /usr/lib/gcc/x86_64-linux-gnu/5/../../../../lib32/crt1.o
 .rel.text.sched_set_status
                0x00000000080488d8        0x0 /usr/lib/gcc/x86_64-linux-gnu/5/../../../../lib32/crt1.o
 .rel.text.sched_switch
                0x00000000080488d8        0x0 /usr/lib/gcc/x86_64-linux-gnu/5/../../../../lib32/crt1.o
 .rel.text.sched_task_exit
                0x00000000080488d8        0x0 /usr/lib/gcc/x86_64-linux-gnu/5/../../../../lib32/crt1.o
 .rel.text.main_trampoline
                0x00000000080488d8        0x0 /usr/lib/gcc/x86_64-linux-gnu/5/../../../../lib32/crt1.o
 .rel.text.idle_thread
                0x00000000080488d8        0x0 /usr/lib/gcc/x86_64-linux-gnu/5/../../../../lib32/crt1.o
 .rel.text.kernel_init
                0x00000000080488d8        0x0 /usr/lib/gcc/x86_64-linux-gnu/5/../../../../lib32/crt1.o
 .rel.text._assert_failure
                0x00000000080488d8        0x0 /usr/lib/gcc/x86_64-linux-gnu/5/../../../../lib32/crt1.o
 .rel.text.clist_lpoprpush
                0x00000000080488d8        0x0 /usr/lib/gcc/x86_64-linux-gnu/5/../../../../lib32/crt1.o
 .rel.text.cib_init
                0x00000000080488d8        0x0 /usr/lib/gcc/x86_64-linux-gnu/5/../../../../lib32/crt1.o
 .rel.text.pid_is_valid
                0x00000000080488d8        0x0 /usr/lib/gcc/x86_64-linux-gnu/5/../../../../lib32/crt1.o
 .rel.text.thread_get
                0x00000000080488d8        0x0 /usr/lib/gcc/x86_64-linux-gnu/5/../../../../lib32/crt1.o
 .rel.text.thread_getstatus
                0x00000000080488d8        0x0 /usr/lib/gcc/x86_64-linux-gnu/5/../../../../lib32/crt1.o
 .rel.text.thread_getname
                0x00000000080488d8        0x0 /usr/lib/gcc/x86_64-linux-gnu/5/../../../../lib32/crt1.o
 .rel.text.thread_sleep
                0x00000000080488d8        0x0 /usr/lib/gcc/x86_64-linux-gnu/5/../../../../lib32/crt1.o
 .rel.text.thread_wakeup
                0x00000000080488d8        0x0 /usr/lib/gcc/x86_64-linux-gnu/5/../../../../lib32/crt1.o
 .rel.text.thread_yield
                0x00000000080488d8        0x0 /usr/lib/gcc/x86_64-linux-gnu/5/../../../../lib32/crt1.o
 .rel.text.thread_add_to_list
                0x00000000080488d8        0x0 /usr/lib/gcc/x86_64-linux-gnu/5/../../../../lib32/crt1.o
 .rel.text.thread_measure_stack_free
                0x00000000080488d8        0x0 /usr/lib/gcc/x86_64-linux-gnu/5/../../../../lib32/crt1.o
 .rel.text.thread_create
                0x00000000080488d8        0x0 /usr/lib/gcc/x86_64-linux-gnu/5/../../../../lib32/crt1.o
 .rel.text.panic_arch
                0x00000000080488d8        0x0 /usr/lib/gcc/x86_64-linux-gnu/5/../../../../lib32/crt1.o
 .rel.text.core_panic
                0x00000000080488d8        0x0 /usr/lib/gcc/x86_64-linux-gnu/5/../../../../lib32/crt1.o
 .rel.text._xtimer_usec_from_ticks64
                0x00000000080488d8        0x0 /usr/lib/gcc/x86_64-linux-gnu/5/../../../../lib32/crt1.o
 .rel.text.xtimer_now64
                0x00000000080488d8        0x0 /usr/lib/gcc/x86_64-linux-gnu/5/../../../../lib32/crt1.o
 .rel.text.xtimer_now_usec64
                0x00000000080488d8        0x0 /usr/lib/gcc/x86_64-linux-gnu/5/../../../../lib32/crt1.o
 .rel.text.xtimer_usec_from_ticks64
                0x00000000080488d8        0x0 /usr/lib/gcc/x86_64-linux-gnu/5/../../../../lib32/crt1.o
 .rel.text._native_syscall_enter
                0x00000000080488d8        0x0 /usr/lib/gcc/x86_64-linux-gnu/5/../../../../lib32/crt1.o
 .rel.text._native_syscall_leave
                0x00000000080488d8        0x0 /usr/lib/gcc/x86_64-linux-gnu/5/../../../../lib32/crt1.o
 .rel.text.malloc
                0x00000000080488d8        0x0 /usr/lib/gcc/x86_64-linux-gnu/5/../../../../lib32/crt1.o
 .rel.text.free
                0x00000000080488d8        0x0 /usr/lib/gcc/x86_64-linux-gnu/5/../../../../lib32/crt1.o
 .rel.text.calloc
                0x00000000080488d8        0x0 /usr/lib/gcc/x86_64-linux-gnu/5/../../../../lib32/crt1.o
 .rel.text.realloc
                0x00000000080488d8        0x0 /usr/lib/gcc/x86_64-linux-gnu/5/../../../../lib32/crt1.o
 .rel.text._native_read
                0x00000000080488d8        0x0 /usr/lib/gcc/x86_64-linux-gnu/5/../../../../lib32/crt1.o
 .rel.text._native_write
                0x00000000080488d8        0x0 /usr/lib/gcc/x86_64-linux-gnu/5/../../../../lib32/crt1.o
 .rel.text._native_writev
                0x00000000080488d8        0x0 /usr/lib/gcc/x86_64-linux-gnu/5/../../../../lib32/crt1.o
 .rel.text.putchar
                0x00000000080488d8        0x0 /usr/lib/gcc/x86_64-linux-gnu/5/../../../../lib32/crt1.o
 .rel.text.puts
                0x00000000080488d8        0x0 /usr/lib/gcc/x86_64-linux-gnu/5/../../../../lib32/crt1.o
 .rel.text.make_message
                0x00000000080488d8        0x0 /usr/lib/gcc/x86_64-linux-gnu/5/../../../../lib32/crt1.o
 .rel.text.printf
                0x00000000080488d8        0x0 /usr/lib/gcc/x86_64-linux-gnu/5/../../../../lib32/crt1.o
 .rel.text.vprintf
                0x00000000080488d8        0x0 /usr/lib/gcc/x86_64-linux-gnu/5/../../../../lib32/crt1.o
 .rel.text.fprintf
                0x00000000080488d8        0x0 /usr/lib/gcc/x86_64-linux-gnu/5/../../../../lib32/crt1.o
 .rel.text.vfprintf
                0x00000000080488d8        0x0 /usr/lib/gcc/x86_64-linux-gnu/5/../../../../lib32/crt1.o
 .rel.text.vwarn
                0x00000000080488d8        0x0 /usr/lib/gcc/x86_64-linux-gnu/5/../../../../lib32/crt1.o
 .rel.text.vwarnx
                0x00000000080488d8        0x0 /usr/lib/gcc/x86_64-linux-gnu/5/../../../../lib32/crt1.o
 .rel.text.warn
                0x00000000080488d8        0x0 /usr/lib/gcc/x86_64-linux-gnu/5/../../../../lib32/crt1.o
 .rel.text.warnx
                0x00000000080488d8        0x0 /usr/lib/gcc/x86_64-linux-gnu/5/../../../../lib32/crt1.o
 .rel.text.getpid
                0x00000000080488d8        0x0 /usr/lib/gcc/x86_64-linux-gnu/5/../../../../lib32/crt1.o
 .rel.text._gettimeofday
                0x00000000080488d8        0x0 /usr/lib/gcc/x86_64-linux-gnu/5/../../../../lib32/crt1.o
 .rel.text._native_init_syscalls
                0x00000000080488d8        0x0 /usr/lib/gcc/x86_64-linux-gnu/5/../../../../lib32/crt1.o
 .rel.text.thread_isr_stack_pointer
                0x00000000080488d8        0x0 /usr/lib/gcc/x86_64-linux-gnu/5/../../../../lib32/crt1.o
 .rel.text.thread_isr_stack_start
                0x00000000080488d8        0x0 /usr/lib/gcc/x86_64-linux-gnu/5/../../../../lib32/crt1.o
 .rel.text.print_thread_sigmask
                0x00000000080488d8        0x0 /usr/lib/gcc/x86_64-linux-gnu/5/../../../../lib32/crt1.o
 .rel.text.print_sigmasks
                0x00000000080488d8        0x0 /usr/lib/gcc/x86_64-linux-gnu/5/../../../../lib32/crt1.o
 .rel.text.native_print_signals
                0x00000000080488d8        0x0 /usr/lib/gcc/x86_64-linux-gnu/5/../../../../lib32/crt1.o
 .rel.text.irq_disable
                0x00000000080488d8        0x0 /usr/lib/gcc/x86_64-linux-gnu/5/../../../../lib32/crt1.o
 .rel.text.irq_enable
                0x00000000080488d8        0x0 /usr/lib/gcc/x86_64-linux-gnu/5/../../../../lib32/crt1.o
 .rel.text.irq_restore
                0x00000000080488d8        0x0 /usr/lib/gcc/x86_64-linux-gnu/5/../../../../lib32/crt1.o
 .rel.text.irq_is_in
                0x00000000080488d8        0x0 /usr/lib/gcc/x86_64-linux-gnu/5/../../../../lib32/crt1.o
 .rel.text._native_popsig
                0x00000000080488d8        0x0 /usr/lib/gcc/x86_64-linux-gnu/5/../../../../lib32/crt1.o
 .rel.text.native_irq_handler
                0x00000000080488d8        0x0 /usr/lib/gcc/x86_64-linux-gnu/5/../../../../lib32/crt1.o
 .rel.text.isr_set_sigmask
                0x00000000080488d8        0x0 /usr/lib/gcc/x86_64-linux-gnu/5/../../../../lib32/crt1.o
 .rel.text.native_isr_entry
                0x00000000080488d8        0x0 /usr/lib/gcc/x86_64-linux-gnu/5/../../../../lib32/crt1.o
 .rel.text.set_signal_handler
                0x00000000080488d8        0x0 /usr/lib/gcc/x86_64-linux-gnu/5/../../../../lib32/crt1.o
 .rel.text.register_interrupt
                0x00000000080488d8        0x0 /usr/lib/gcc/x86_64-linux-gnu/5/../../../../lib32/crt1.o
 .rel.text.unregister_interrupt
                0x00000000080488d8        0x0 /usr/lib/gcc/x86_64-linux-gnu/5/../../../../lib32/crt1.o
 .rel.text.native_shutdown
                0x00000000080488d8        0x0 /usr/lib/gcc/x86_64-linux-gnu/5/../../../../lib32/crt1.o
 .rel.text.native_interrupt_init
                0x00000000080488d8        0x0 /usr/lib/gcc/x86_64-linux-gnu/5/../../../../lib32/crt1.o
 .rel.text._native_mod_ctx_leave_sigh
                0x00000000080488d8        0x0 /usr/lib/gcc/x86_64-linux-gnu/5/../../../../lib32/crt1.o
 .rel.text.thread_print_stack
                0x00000000080488d8        0x0 /usr/lib/gcc/x86_64-linux-gnu/5/../../../../lib32/crt1.o
 .rel.text.thread_isr_stack_usage
                0x00000000080488d8        0x0 /usr/lib/gcc/x86_64-linux-gnu/5/../../../../lib32/crt1.o
 .rel.text.thread_stack_init
                0x00000000080488d8        0x0 /usr/lib/gcc/x86_64-linux-gnu/5/../../../../lib32/crt1.o
 .rel.text.isr_cpu_switch_context_exit
                0x00000000080488d8        0x0 /usr/lib/gcc/x86_64-linux-gnu/5/../../../../lib32/crt1.o
 .rel.text.cpu_switch_context_exit
                0x00000000080488d8        0x0 /usr/lib/gcc/x86_64-linux-gnu/5/../../../../lib32/crt1.o
 .rel.text.isr_thread_yield
                0x00000000080488d8        0x0 /usr/lib/gcc/x86_64-linux-gnu/5/../../../../lib32/crt1.o
 .rel.text.thread_yield_higher
                0x00000000080488d8        0x0 /usr/lib/gcc/x86_64-linux-gnu/5/../../../../lib32/crt1.o
 .rel.text.native_cpu_init
                0x00000000080488d8        0x0 /usr/lib/gcc/x86_64-linux-gnu/5/../../../../lib32/crt1.o
 .rel.text.cipher_init
                0x00000000080488d8        0x0 /usr/lib/gcc/x86_64-linux-gnu/5/../../../../lib32/crt1.o
 .rel.text.cipher_encrypt
                0x00000000080488d8        0x0 /usr/lib/gcc/x86_64-linux-gnu/5/../../../../lib32/crt1.o
 .rel.text.cipher_decrypt
                0x00000000080488d8        0x0 /usr/lib/gcc/x86_64-linux-gnu/5/../../../../lib32/crt1.o
 .rel.text.cipher_get_block_size
                0x00000000080488d8        0x0 /usr/lib/gcc/x86_64-linux-gnu/5/../../../../lib32/crt1.o
 .rel.text.aes_init
                0x00000000080488d8        0x0 /usr/lib/gcc/x86_64-linux-gnu/5/../../../../lib32/crt1.o
 .rel.text.aes_set_encrypt_key
                0x00000000080488d8        0x0 /usr/lib/gcc/x86_64-linux-gnu/5/../../../../lib32/crt1.o
 .rel.text.aes_set_decrypt_key
                0x00000000080488d8        0x0 /usr/lib/gcc/x86_64-linux-gnu/5/../../../../lib32/crt1.o
 .rel.text.aes_encrypt
                0x00000000080488d8        0x0 /usr/lib/gcc/x86_64-linux-gnu/5/../../../../lib32/crt1.o
 .rel.text.aes_decrypt
                0x00000000080488d8        0x0 /usr/lib/gcc/x86_64-linux-gnu/5/../../../../lib32/crt1.o
 .rel.text.uECC_set_rng
                0x00000000080488d8        0x0 /usr/lib/gcc/x86_64-linux-gnu/5/../../../../lib32/crt1.o
 .rel.text.uECC_get_rng
                0x00000000080488d8        0x0 /usr/lib/gcc/x86_64-linux-gnu/5/../../../../lib32/crt1.o
 .rel.text.uECC_curve_private_key_size
                0x00000000080488d8        0x0 /usr/lib/gcc/x86_64-linux-gnu/5/../../../../lib32/crt1.o
 .rel.text.uECC_curve_public_key_size
                0x00000000080488d8        0x0 /usr/lib/gcc/x86_64-linux-gnu/5/../../../../lib32/crt1.o
 .rel.text.uECC_vli_clear
                0x00000000080488d8        0x0 /usr/lib/gcc/x86_64-linux-gnu/5/../../../../lib32/crt1.o
 .rel.text.uECC_vli_isZero
                0x00000000080488d8        0x0 /usr/lib/gcc/x86_64-linux-gnu/5/../../../../lib32/crt1.o
 .rel.text.uECC_vli_testBit
                0x00000000080488d8        0x0 /usr/lib/gcc/x86_64-linux-gnu/5/../../../../lib32/crt1.o
 .rel.text.vli_numDigits
                0x00000000080488d8        0x0 /usr/lib/gcc/x86_64-linux-gnu/5/../../../../lib32/crt1.o
 .rel.text.uECC_vli_numBits
                0x00000000080488d8        0x0 /usr/lib/gcc/x86_64-linux-gnu/5/../../../../lib32/crt1.o
 .rel.text.uECC_vli_set
                0x00000000080488d8        0x0 /usr/lib/gcc/x86_64-linux-gnu/5/../../../../lib32/crt1.o
 .rel.text.uECC_vli_cmp_unsafe
                0x00000000080488d8        0x0 /usr/lib/gcc/x86_64-linux-gnu/5/../../../../lib32/crt1.o
 .rel.text.uECC_vli_equal
                0x00000000080488d8        0x0 /usr/lib/gcc/x86_64-linux-gnu/5/../../../../lib32/crt1.o
 .rel.text.uECC_vli_cmp
                0x00000000080488d8        0x0 /usr/lib/gcc/x86_64-linux-gnu/5/../../../../lib32/crt1.o
 .rel.text.uECC_vli_rshift1
                0x00000000080488d8        0x0 /usr/lib/gcc/x86_64-linux-gnu/5/../../../../lib32/crt1.o
 .rel.text.uECC_vli_add
                0x00000000080488d8        0x0 /usr/lib/gcc/x86_64-linux-gnu/5/../../../../lib32/crt1.o
 .rel.text.uECC_vli_sub
                0x00000000080488d8        0x0 /usr/lib/gcc/x86_64-linux-gnu/5/../../../../lib32/crt1.o
 .rel.text.muladd
                0x00000000080488d8        0x0 /usr/lib/gcc/x86_64-linux-gnu/5/../../../../lib32/crt1.o
 .rel.text.uECC_vli_mult
                0x00000000080488d8        0x0 /usr/lib/gcc/x86_64-linux-gnu/5/../../../../lib32/crt1.o
 .rel.text.uECC_vli_modAdd
                0x00000000080488d8        0x0 /usr/lib/gcc/x86_64-linux-gnu/5/../../../../lib32/crt1.o
 .rel.text.uECC_vli_modSub
                0x00000000080488d8        0x0 /usr/lib/gcc/x86_64-linux-gnu/5/../../../../lib32/crt1.o
 .rel.text.uECC_vli_mmod
                0x00000000080488d8        0x0 /usr/lib/gcc/x86_64-linux-gnu/5/../../../../lib32/crt1.o
 .rel.text.uECC_vli_modMult
                0x00000000080488d8        0x0 /usr/lib/gcc/x86_64-linux-gnu/5/../../../../lib32/crt1.o
 .rel.text.uECC_vli_modMult_fast
                0x00000000080488d8        0x0 /usr/lib/gcc/x86_64-linux-gnu/5/../../../../lib32/crt1.o
 .rel.text.uECC_vli_modSquare_fast
                0x00000000080488d8        0x0 /usr/lib/gcc/x86_64-linux-gnu/5/../../../../lib32/crt1.o
 .rel.text.vli_modInv_update
                0x00000000080488d8        0x0 /usr/lib/gcc/x86_64-linux-gnu/5/../../../../lib32/crt1.o
 .rel.text.uECC_vli_modInv
                0x00000000080488d8        0x0 /usr/lib/gcc/x86_64-linux-gnu/5/../../../../lib32/crt1.o
 .rel.text.double_jacobian_default
                0x00000000080488d8        0x0 /usr/lib/gcc/x86_64-linux-gnu/5/../../../../lib32/crt1.o
 .rel.text.x_side_default
                0x00000000080488d8        0x0 /usr/lib/gcc/x86_64-linux-gnu/5/../../../../lib32/crt1.o
 .rel.text.mod_sqrt_default
                0x00000000080488d8        0x0 /usr/lib/gcc/x86_64-linux-gnu/5/../../../../lib32/crt1.o
 .rel.text.uECC_secp160r1
                0x00000000080488d8        0x0 /usr/lib/gcc/x86_64-linux-gnu/5/../../../../lib32/crt1.o
 .rel.text.vli_mmod_fast_secp160r1
                0x00000000080488d8        0x0 /usr/lib/gcc/x86_64-linux-gnu/5/../../../../lib32/crt1.o
 .rel.text.omega_mult_secp160r1
                0x00000000080488d8        0x0 /usr/lib/gcc/x86_64-linux-gnu/5/../../../../lib32/crt1.o
 .rel.text.uECC_secp192r1
                0x00000000080488d8        0x0 /usr/lib/gcc/x86_64-linux-gnu/5/../../../../lib32/crt1.o
 .rel.text.vli_mmod_fast_secp192r1
                0x00000000080488d8        0x0 /usr/lib/gcc/x86_64-linux-gnu/5/../../../../lib32/crt1.o
 .rel.text.uECC_secp224r1
                0x00000000080488d8        0x0 /usr/lib/gcc/x86_64-linux-gnu/5/../../../../lib32/crt1.o
 .rel.text.mod_sqrt_secp224r1_rs
                0x00000000080488d8        0x0 /usr/lib/gcc/x86_64-linux-gnu/5/../../../../lib32/crt1.o
 .rel.text.mod_sqrt_secp224r1_rss
                0x00000000080488d8        0x0 /usr/lib/gcc/x86_64-linux-gnu/5/../../../../lib32/crt1.o
 .rel.text.mod_sqrt_secp224r1_rm
                0x00000000080488d8        0x0 /usr/lib/gcc/x86_64-linux-gnu/5/../../../../lib32/crt1.o
 .rel.text.mod_sqrt_secp224r1_rp
                0x00000000080488d8        0x0 /usr/lib/gcc/x86_64-linux-gnu/5/../../../../lib32/crt1.o
 .rel.text.mod_sqrt_secp224r1
                0x00000000080488d8        0x0 /usr/lib/gcc/x86_64-linux-gnu/5/../../../../lib32/crt1.o
 .rel.text.vli_mmod_fast_secp224r1
                0x00000000080488d8        0x0 /usr/lib/gcc/x86_64-linux-gnu/5/../../../../lib32/crt1.o
 .rel.text.uECC_secp256r1
                0x00000000080488d8        0x0 /usr/lib/gcc/x86_64-linux-gnu/5/../../../../lib32/crt1.o
 .rel.text.vli_mmod_fast_secp256r1
                0x00000000080488d8        0x0 /usr/lib/gcc/x86_64-linux-gnu/5/../../../../lib32/crt1.o
 .rel.text.uECC_secp256k1
                0x00000000080488d8        0x0 /usr/lib/gcc/x86_64-linux-gnu/5/../../../../lib32/crt1.o
 .rel.text.double_jacobian_secp256k1
                0x00000000080488d8        0x0 /usr/lib/gcc/x86_64-linux-gnu/5/../../../../lib32/crt1.o
 .rel.text.x_side_secp256k1
                0x00000000080488d8        0x0 /usr/lib/gcc/x86_64-linux-gnu/5/../../../../lib32/crt1.o
 .rel.text.vli_mmod_fast_secp256k1
                0x00000000080488d8        0x0 /usr/lib/gcc/x86_64-linux-gnu/5/../../../../lib32/crt1.o
 .rel.text.omega_mult_secp256k1
                0x00000000080488d8        0x0 /usr/lib/gcc/x86_64-linux-gnu/5/../../../../lib32/crt1.o
 .rel.text.apply_z
                0x00000000080488d8        0x0 /usr/lib/gcc/x86_64-linux-gnu/5/../../../../lib32/crt1.o
 .rel.text.XYcZ_initial_double
                0x00000000080488d8        0x0 /usr/lib/gcc/x86_64-linux-gnu/5/../../../../lib32/crt1.o
 .rel.text.XYcZ_add
                0x00000000080488d8        0x0 /usr/lib/gcc/x86_64-linux-gnu/5/../../../../lib32/crt1.o
 .rel.text.XYcZ_addC
                0x00000000080488d8        0x0 /usr/lib/gcc/x86_64-linux-gnu/5/../../../../lib32/crt1.o
 .rel.text.EccPoint_mult
                0x00000000080488d8        0x0 /usr/lib/gcc/x86_64-linux-gnu/5/../../../../lib32/crt1.o
 .rel.text.regularize_k
                0x00000000080488d8        0x0 /usr/lib/gcc/x86_64-linux-gnu/5/../../../../lib32/crt1.o
 .rel.text.EccPoint_compute_public_key
                0x00000000080488d8        0x0 /usr/lib/gcc/x86_64-linux-gnu/5/../../../../lib32/crt1.o
 .rel.text.uECC_vli_nativeToBytes
                0x00000000080488d8        0x0 /usr/lib/gcc/x86_64-linux-gnu/5/../../../../lib32/crt1.o
 .rel.text.uECC_vli_bytesToNative
                0x00000000080488d8        0x0 /usr/lib/gcc/x86_64-linux-gnu/5/../../../../lib32/crt1.o
 .rel.text.uECC_generate_random_int
                0x00000000080488d8        0x0 /usr/lib/gcc/x86_64-linux-gnu/5/../../../../lib32/crt1.o
 .rel.text.uECC_shared_secret
                0x00000000080488d8        0x0 /usr/lib/gcc/x86_64-linux-gnu/5/../../../../lib32/crt1.o
 .rel.text.uECC_compress
                0x00000000080488d8        0x0 /usr/lib/gcc/x86_64-linux-gnu/5/../../../../lib32/crt1.o
 .rel.text.uECC_decompress
                0x00000000080488d8        0x0 /usr/lib/gcc/x86_64-linux-gnu/5/../../../../lib32/crt1.o
 .rel.text.uECC_valid_point
                0x00000000080488d8        0x0 /usr/lib/gcc/x86_64-linux-gnu/5/../../../../lib32/crt1.o
 .rel.text.uECC_valid_public_key
                0x00000000080488d8        0x0 /usr/lib/gcc/x86_64-linux-gnu/5/../../../../lib32/crt1.o
 .rel.text.uECC_compute_public_key
                0x00000000080488d8        0x0 /usr/lib/gcc/x86_64-linux-gnu/5/../../../../lib32/crt1.o
 .rel.text.bits2int
                0x00000000080488d8        0x0 /usr/lib/gcc/x86_64-linux-gnu/5/../../../../lib32/crt1.o
 .rel.text.uECC_sign_with_k
                0x00000000080488d8        0x0 /usr/lib/gcc/x86_64-linux-gnu/5/../../../../lib32/crt1.o
 .rel.text.HMAC_init
                0x00000000080488d8        0x0 /usr/lib/gcc/x86_64-linux-gnu/5/../../../../lib32/crt1.o
 .rel.text.HMAC_update
                0x00000000080488d8        0x0 /usr/lib/gcc/x86_64-linux-gnu/5/../../../../lib32/crt1.o
 .rel.text.HMAC_finish
                0x00000000080488d8        0x0 /usr/lib/gcc/x86_64-linux-gnu/5/../../../../lib32/crt1.o
 .rel.text.update_V
                0x00000000080488d8        0x0 /usr/lib/gcc/x86_64-linux-gnu/5/../../../../lib32/crt1.o
 .rel.text.uECC_sign_deterministic
                0x00000000080488d8        0x0 /usr/lib/gcc/x86_64-linux-gnu/5/../../../../lib32/crt1.o
 .rel.text.smax
                0x00000000080488d8        0x0 /usr/lib/gcc/x86_64-linux-gnu/5/../../../../lib32/crt1.o
 .rel.text.uECC_verify
                0x00000000080488d8        0x0 /usr/lib/gcc/x86_64-linux-gnu/5/../../../../lib32/crt1.o
 .rel.text._native_LED_GREEN_OFF
                0x00000000080488d8        0x0 /usr/lib/gcc/x86_64-linux-gnu/5/../../../../lib32/crt1.o
 .rel.text._native_LED_GREEN_ON
                0x00000000080488d8        0x0 /usr/lib/gcc/x86_64-linux-gnu/5/../../../../lib32/crt1.o
 .rel.text._native_LED_GREEN_TOGGLE
                0x00000000080488d8        0x0 /usr/lib/gcc/x86_64-linux-gnu/5/../../../../lib32/crt1.o
 .rel.text._native_LED_RED_OFF
                0x00000000080488d8        0x0 /usr/lib/gcc/x86_64-linux-gnu/5/../../../../lib32/crt1.o
 .rel.text._native_LED_RED_ON
                0x00000000080488d8        0x0 /usr/lib/gcc/x86_64-linux-gnu/5/../../../../lib32/crt1.o
 .rel.text._native_LED_RED_TOGGLE
                0x00000000080488d8        0x0 /usr/lib/gcc/x86_64-linux-gnu/5/../../../../lib32/crt1.o
 .rel.text.ndn_shared_block_create
                0x00000000080488d8        0x0 /usr/lib/gcc/x86_64-linux-gnu/5/../../../../lib32/crt1.o
 .rel.text.ndn_shared_block_create_by_move
                0x00000000080488d8        0x0 /usr/lib/gcc/x86_64-linux-gnu/5/../../../../lib32/crt1.o
 .rel.text.ndn_shared_block_release
                0x00000000080488d8        0x0 /usr/lib/gcc/x86_64-linux-gnu/5/../../../../lib32/crt1.o
 .rel.text.ndn_shared_block_copy
                0x00000000080488d8        0x0 /usr/lib/gcc/x86_64-linux-gnu/5/../../../../lib32/crt1.o
 .rel.text._init_sha256
                0x00000000080488d8        0x0 /usr/lib/gcc/x86_64-linux-gnu/5/../../../../lib32/crt1.o
 .rel.text._update_sha256
                0x00000000080488d8        0x0 /usr/lib/gcc/x86_64-linux-gnu/5/../../../../lib32/crt1.o
 .rel.text._finish_sha256
                0x00000000080488d8        0x0 /usr/lib/gcc/x86_64-linux-gnu/5/../../../../lib32/crt1.o
 .rel.text.ndn_interest_create
                0x00000000080488d8        0x0 /usr/lib/gcc/x86_64-linux-gnu/5/../../../../lib32/crt1.o
 .rel.text.ndn_interest_create2
                0x00000000080488d8        0x0 /usr/lib/gcc/x86_64-linux-gnu/5/../../../../lib32/crt1.o
 .rel.text.ndn_interest_get_name
                0x00000000080488d8        0x0 /usr/lib/gcc/x86_64-linux-gnu/5/../../../../lib32/crt1.o
 .rel.text.ndn_interest_get_nonce
                0x00000000080488d8        0x0 /usr/lib/gcc/x86_64-linux-gnu/5/../../../../lib32/crt1.o
 .rel.text.ndn_interest_get_lifetime
                0x00000000080488d8        0x0 /usr/lib/gcc/x86_64-linux-gnu/5/../../../../lib32/crt1.o
 .rel.text.ndn_signed_interest_create_with_index
                0x00000000080488d8        0x0 /usr/lib/gcc/x86_64-linux-gnu/5/../../../../lib32/crt1.o
 .rel.text.ndn_interest_verify_signature_with_index
                0x00000000080488d8        0x0 /usr/lib/gcc/x86_64-linux-gnu/5/../../../../lib32/crt1.o
 .rel.text.ndn_name_component_compare
                0x00000000080488d8        0x0 /usr/lib/gcc/x86_64-linux-gnu/5/../../../../lib32/crt1.o
 .rel.text.ndn_name_component_wire_encode
                0x00000000080488d8        0x0 /usr/lib/gcc/x86_64-linux-gnu/5/../../../../lib32/crt1.o
 .rel.text.ndn_name_compare
                0x00000000080488d8        0x0 /usr/lib/gcc/x86_64-linux-gnu/5/../../../../lib32/crt1.o
 .rel.text.ndn_name_get_component
                0x00000000080488d8        0x0 /usr/lib/gcc/x86_64-linux-gnu/5/../../../../lib32/crt1.o
 .rel.text._ndn_name_length
                0x00000000080488d8        0x0 /usr/lib/gcc/x86_64-linux-gnu/5/../../../../lib32/crt1.o
 .rel.text.ndn_name_total_length
                0x00000000080488d8        0x0 /usr/lib/gcc/x86_64-linux-gnu/5/../../../../lib32/crt1.o
 .rel.text.ndn_name_wire_encode
                0x00000000080488d8        0x0 /usr/lib/gcc/x86_64-linux-gnu/5/../../../../lib32/crt1.o
 .rel.text._check_hex
                0x00000000080488d8        0x0 /usr/lib/gcc/x86_64-linux-gnu/5/../../../../lib32/crt1.o
 .rel.text._hex_to_num
                0x00000000080488d8        0x0 /usr/lib/gcc/x86_64-linux-gnu/5/../../../../lib32/crt1.o
 .rel.text.ndn_name_from_uri
                0x00000000080488d8        0x0 /usr/lib/gcc/x86_64-linux-gnu/5/../../../../lib32/crt1.o
 .rel.text.ndn_name_append
                0x00000000080488d8        0x0 /usr/lib/gcc/x86_64-linux-gnu/5/../../../../lib32/crt1.o
 .rel.text.ndn_name_get_size_from_block
                0x00000000080488d8        0x0 /usr/lib/gcc/x86_64-linux-gnu/5/../../../../lib32/crt1.o
 .rel.text.ndn_name_get_component_from_block
                0x00000000080488d8        0x0 /usr/lib/gcc/x86_64-linux-gnu/5/../../../../lib32/crt1.o
 .rel.text.ndn_name_compare_block
                0x00000000080488d8        0x0 /usr/lib/gcc/x86_64-linux-gnu/5/../../../../lib32/crt1.o
 .rel.text._need_escape
                0x00000000080488d8        0x0 /usr/lib/gcc/x86_64-linux-gnu/5/../../../../lib32/crt1.o
 .rel.text.ndn_name_print
                0x00000000080488d8        0x0 /usr/lib/gcc/x86_64-linux-gnu/5/../../../../lib32/crt1.o
 .rel.text.ndn_name_append_from_name
                0x00000000080488d8        0x0 /usr/lib/gcc/x86_64-linux-gnu/5/../../../../lib32/crt1.o
 .rel.text.ndn_name_wire_decode
                0x00000000080488d8        0x0 /usr/lib/gcc/x86_64-linux-gnu/5/../../../../lib32/crt1.o
 .rel.text.ndn_name_move_from_comp
                0x00000000080488d8        0x0 /usr/lib/gcc/x86_64-linux-gnu/5/../../../../lib32/crt1.o
 .rel.text.ndn_block_get_var_number
                0x00000000080488d8        0x0 /usr/lib/gcc/x86_64-linux-gnu/5/../../../../lib32/crt1.o
 .rel.text.ndn_block_put_var_number
                0x00000000080488d8        0x0 /usr/lib/gcc/x86_64-linux-gnu/5/../../../../lib32/crt1.o
 .rel.text.ndn_block_var_number_length
                0x00000000080488d8        0x0 /usr/lib/gcc/x86_64-linux-gnu/5/../../../../lib32/crt1.o
 .rel.text.ndn_block_total_length
                0x00000000080488d8        0x0 /usr/lib/gcc/x86_64-linux-gnu/5/../../../../lib32/crt1.o
 .rel.text.ndn_block_integer_length
                0x00000000080488d8        0x0 /usr/lib/gcc/x86_64-linux-gnu/5/../../../../lib32/crt1.o
 .rel.text.ndn_block_put_integer
                0x00000000080488d8        0x0 /usr/lib/gcc/x86_64-linux-gnu/5/../../../../lib32/crt1.o
 .rel.text.ndn_block_get_integer
                0x00000000080488d8        0x0 /usr/lib/gcc/x86_64-linux-gnu/5/../../../../lib32/crt1.o
 .rel.text.ndn_block_create_packet
                0x00000000080488d8        0x0 /usr/lib/gcc/x86_64-linux-gnu/5/../../../../lib32/crt1.o
 .rel.text.ndn_block_from_packet
                0x00000000080488d8        0x0 /usr/lib/gcc/x86_64-linux-gnu/5/../../../../lib32/crt1.o
 .rel.text.ndn_data_create
                0x00000000080488d8        0x0 /usr/lib/gcc/x86_64-linux-gnu/5/../../../../lib32/crt1.o
 .rel.text.ndn_data_create2
                0x00000000080488d8        0x0 /usr/lib/gcc/x86_64-linux-gnu/5/../../../../lib32/crt1.o
 .rel.text.ndn_data_encrypt_with_ccm
                0x00000000080488d8        0x0 /usr/lib/gcc/x86_64-linux-gnu/5/../../../../lib32/crt1.o
 .rel.text.ndn_data_get_name
                0x00000000080488d8        0x0 /usr/lib/gcc/x86_64-linux-gnu/5/../../../../lib32/crt1.o
 .rel.text.ndn_data_get_metainfo
                0x00000000080488d8        0x0 /usr/lib/gcc/x86_64-linux-gnu/5/../../../../lib32/crt1.o
 .rel.text.ndn_data_get_content
                0x00000000080488d8        0x0 /usr/lib/gcc/x86_64-linux-gnu/5/../../../../lib32/crt1.o
 .rel.text.ndn_data_get_key_locator
                0x00000000080488d8        0x0 /usr/lib/gcc/x86_64-linux-gnu/5/../../../../lib32/crt1.o
 .rel.text.ndn_data_verify_signature
                0x00000000080488d8        0x0 /usr/lib/gcc/x86_64-linux-gnu/5/../../../../lib32/crt1.o
 .rel.text.ndn_data_decrypt_with_ccm
                0x00000000080488d8        0x0 /usr/lib/gcc/x86_64-linux-gnu/5/../../../../lib32/crt1.o
 .rel.text.ndn_metainfo_total_length
                0x00000000080488d8        0x0 /usr/lib/gcc/x86_64-linux-gnu/5/../../../../lib32/crt1.o
 .rel.text.ndn_metainfo_wire_encode
                0x00000000080488d8        0x0 /usr/lib/gcc/x86_64-linux-gnu/5/../../../../lib32/crt1.o
 .rel.text.ndn_metainfo_from_block
                0x00000000080488d8        0x0 /usr/lib/gcc/x86_64-linux-gnu/5/../../../../lib32/crt1.o
 .rel.text._xtimer_ticks_from_usec
                0x00000000080488d8        0x0 /usr/lib/gcc/x86_64-linux-gnu/5/../../../../lib32/crt1.o
 .rel.text.xtimer_set_msg
                0x00000000080488d8        0x0 /usr/lib/gcc/x86_64-linux-gnu/5/../../../../lib32/crt1.o
 .rel.text.ndn_app_create
                0x00000000080488d8        0x0 /usr/lib/gcc/x86_64-linux-gnu/5/../../../../lib32/crt1.o
 .rel.text._notify_consumer_timeout
                0x00000000080488d8        0x0 /usr/lib/gcc/x86_64-linux-gnu/5/../../../../lib32/crt1.o
 .rel.text._notify_producer_interest
                0x00000000080488d8        0x0 /usr/lib/gcc/x86_64-linux-gnu/5/../../../../lib32/crt1.o
 .rel.text._notify_consumer_data
                0x00000000080488d8        0x0 /usr/lib/gcc/x86_64-linux-gnu/5/../../../../lib32/crt1.o
 .rel.text._sched_call_cb
                0x00000000080488d8        0x0 /usr/lib/gcc/x86_64-linux-gnu/5/../../../../lib32/crt1.o
 .rel.text.ndn_app_run
                0x00000000080488d8        0x0 /usr/lib/gcc/x86_64-linux-gnu/5/../../../../lib32/crt1.o
 .rel.text._release_sched_cb_table
                0x00000000080488d8        0x0 /usr/lib/gcc/x86_64-linux-gnu/5/../../../../lib32/crt1.o
 .rel.text._release_consumer_cb_table
                0x00000000080488d8        0x0 /usr/lib/gcc/x86_64-linux-gnu/5/../../../../lib32/crt1.o
 .rel.text._release_producer_cb_table
                0x00000000080488d8        0x0 /usr/lib/gcc/x86_64-linux-gnu/5/../../../../lib32/crt1.o
 .rel.text.ndn_app_destroy
                0x00000000080488d8        0x0 /usr/lib/gcc/x86_64-linux-gnu/5/../../../../lib32/crt1.o
 .rel.text._add_sched_cb_entry
                0x00000000080488d8        0x0 /usr/lib/gcc/x86_64-linux-gnu/5/../../../../lib32/crt1.o
 .rel.text.ndn_app_schedule
                0x00000000080488d8        0x0 /usr/lib/gcc/x86_64-linux-gnu/5/../../../../lib32/crt1.o
 .rel.text._add_consumer_cb_entry
                0x00000000080488d8        0x0 /usr/lib/gcc/x86_64-linux-gnu/5/../../../../lib32/crt1.o
 .rel.text.ndn_app_express_interest
                0x00000000080488d8        0x0 /usr/lib/gcc/x86_64-linux-gnu/5/../../../../lib32/crt1.o
 .rel.text.ndn_app_express_signed_interest
                0x00000000080488d8        0x0 /usr/lib/gcc/x86_64-linux-gnu/5/../../../../lib32/crt1.o
 .rel.text.ndn_app_express_interest2
                0x00000000080488d8        0x0 /usr/lib/gcc/x86_64-linux-gnu/5/../../../../lib32/crt1.o
 .rel.text._add_producer_cb_entry
                0x00000000080488d8        0x0 /usr/lib/gcc/x86_64-linux-gnu/5/../../../../lib32/crt1.o
 .rel.text.ndn_app_register_prefix
                0x00000000080488d8        0x0 /usr/lib/gcc/x86_64-linux-gnu/5/../../../../lib32/crt1.o
 .rel.text.ndn_app_register_prefix2
                0x00000000080488d8        0x0 /usr/lib/gcc/x86_64-linux-gnu/5/../../../../lib32/crt1.o
 .rel.text.ndn_app_put_data
                0x00000000080488d8        0x0 /usr/lib/gcc/x86_64-linux-gnu/5/../../../../lib32/crt1.o
 .rel.text.ndn_app_add_strategy
                0x00000000080488d8        0x0 /usr/lib/gcc/x86_64-linux-gnu/5/../../../../lib32/crt1.o
 .rel.text.ndn_app_send_msg_to_app
                0x00000000080488d8        0x0 /usr/lib/gcc/x86_64-linux-gnu/5/../../../../lib32/crt1.o
 .rel.text.gnrc_pktbuf_release
                0x00000000080488d8        0x0 /usr/lib/gcc/x86_64-linux-gnu/5/../../../../lib32/crt1.o
 .rel.text._process_interest
                0x00000000080488d8        0x0 /usr/lib/gcc/x86_64-linux-gnu/5/../../../../lib32/crt1.o
 .rel.text._process_data
                0x00000000080488d8        0x0 /usr/lib/gcc/x86_64-linux-gnu/5/../../../../lib32/crt1.o
 .rel.text._process_packet
                0x00000000080488d8        0x0 /usr/lib/gcc/x86_64-linux-gnu/5/../../../../lib32/crt1.o
 .rel.text._event_loop
                0x00000000080488d8        0x0 /usr/lib/gcc/x86_64-linux-gnu/5/../../../../lib32/crt1.o
 .rel.text.ndn_init
                0x00000000080488d8        0x0 /usr/lib/gcc/x86_64-linux-gnu/5/../../../../lib32/crt1.o
 .rel.text.ndn_netif_auto_add
                0x00000000080488d8        0x0 /usr/lib/gcc/x86_64-linux-gnu/5/../../../../lib32/crt1.o
 .rel.text._ndn_netif_find
                0x00000000080488d8        0x0 /usr/lib/gcc/x86_64-linux-gnu/5/../../../../lib32/crt1.o
 .rel.text._ndn_netif_send_packet
                0x00000000080488d8        0x0 /usr/lib/gcc/x86_64-linux-gnu/5/../../../../lib32/crt1.o
 .rel.text._ndn_netif_send_fragments
                0x00000000080488d8        0x0 /usr/lib/gcc/x86_64-linux-gnu/5/../../../../lib32/crt1.o
 .rel.text.ndn_netif_send
                0x00000000080488d8        0x0 /usr/lib/gcc/x86_64-linux-gnu/5/../../../../lib32/crt1.o
 .rel.text._ndn_cs_remove
                0x00000000080488d8        0x0 /usr/lib/gcc/x86_64-linux-gnu/5/../../../../lib32/crt1.o
 .rel.text.ndn_cs_add
                0x00000000080488d8        0x0 /usr/lib/gcc/x86_64-linux-gnu/5/../../../../lib32/crt1.o
 .rel.text.ndn_cs_match
                0x00000000080488d8        0x0 /usr/lib/gcc/x86_64-linux-gnu/5/../../../../lib32/crt1.o
 .rel.text.ndn_cs_init
                0x00000000080488d8        0x0 /usr/lib/gcc/x86_64-linux-gnu/5/../../../../lib32/crt1.o
 .rel.text.gnrc_netif_hdr_get_src_addr
                0x00000000080488d8        0x0 /usr/lib/gcc/x86_64-linux-gnu/5/../../../../lib32/crt1.o
 .rel.text.ndn_l2_frag_build_hdr
                0x00000000080488d8        0x0 /usr/lib/gcc/x86_64-linux-gnu/5/../../../../lib32/crt1.o
 .rel.text._release_l2_frag_entry
                0x00000000080488d8        0x0 /usr/lib/gcc/x86_64-linux-gnu/5/../../../../lib32/crt1.o
 .rel.text.ndn_l2_frag_receive
                0x00000000080488d8        0x0 /usr/lib/gcc/x86_64-linux-gnu/5/../../../../lib32/crt1.o
 .rel.text.ndn_l2_frag_timeout
                0x00000000080488d8        0x0 /usr/lib/gcc/x86_64-linux-gnu/5/../../../../lib32/crt1.o
 .rel.text.ndn_l2_init
                0x00000000080488d8        0x0 /usr/lib/gcc/x86_64-linux-gnu/5/../../../../lib32/crt1.o
 .rel.text.ndn_forwarding_strategy_lookup
                0x00000000080488d8        0x0 /usr/lib/gcc/x86_64-linux-gnu/5/../../../../lib32/crt1.o
 .rel.text.ndn_forwarding_strategy_add
                0x00000000080488d8        0x0 /usr/lib/gcc/x86_64-linux-gnu/5/../../../../lib32/crt1.o
 .rel.text.ndn_forwarding_strategy_action_send_interest
                0x00000000080488d8        0x0 /usr/lib/gcc/x86_64-linux-gnu/5/../../../../lib32/crt1.o
 .rel.text.default_strategy_after_receive_interest
                0x00000000080488d8        0x0 /usr/lib/gcc/x86_64-linux-gnu/5/../../../../lib32/crt1.o
 .rel.text.multicast_strategy_after_receive_interest
                0x00000000080488d8        0x0 /usr/lib/gcc/x86_64-linux-gnu/5/../../../../lib32/crt1.o
 .rel.text.ndn_forwarding_strategy_init
                0x00000000080488d8        0x0 /usr/lib/gcc/x86_64-linux-gnu/5/../../../../lib32/crt1.o
 .rel.text._fib_entry_add_face
                0x00000000080488d8        0x0 /usr/lib/gcc/x86_64-linux-gnu/5/../../../../lib32/crt1.o
 .rel.text.ndn_fib_add
                0x00000000080488d8        0x0 /usr/lib/gcc/x86_64-linux-gnu/5/../../../../lib32/crt1.o
 .rel.text.ndn_fib_lookup
                0x00000000080488d8        0x0 /usr/lib/gcc/x86_64-linux-gnu/5/../../../../lib32/crt1.o
 .rel.text.ndn_fib_init
                0x00000000080488d8        0x0 /usr/lib/gcc/x86_64-linux-gnu/5/../../../../lib32/crt1.o
 .rel.text._pit_entry_add_face
                0x00000000080488d8        0x0 /usr/lib/gcc/x86_64-linux-gnu/5/../../../../lib32/crt1.o
 .rel.text.ndn_pit_add
                0x00000000080488d8        0x0 /usr/lib/gcc/x86_64-linux-gnu/5/../../../../lib32/crt1.o
 .rel.text.ndn_pit_release
                0x00000000080488d8        0x0 /usr/lib/gcc/x86_64-linux-gnu/5/../../../../lib32/crt1.o
 .rel.text.ndn_pit_timeout
                0x00000000080488d8        0x0 /usr/lib/gcc/x86_64-linux-gnu/5/../../../../lib32/crt1.o
 .rel.text.ndn_pit_match_data
                0x00000000080488d8        0x0 /usr/lib/gcc/x86_64-linux-gnu/5/../../../../lib32/crt1.o
 .rel.text.ndn_pit_init
                0x00000000080488d8        0x0 /usr/lib/gcc/x86_64-linux-gnu/5/../../../../lib32/crt1.o
 .rel.text.ndn_face_table_size
                0x00000000080488d8        0x0 /usr/lib/gcc/x86_64-linux-gnu/5/../../../../lib32/crt1.o
 .rel.text.ndn_face_table_find
                0x00000000080488d8        0x0 /usr/lib/gcc/x86_64-linux-gnu/5/../../../../lib32/crt1.o
 .rel.text.ndn_face_table_add
                0x00000000080488d8        0x0 /usr/lib/gcc/x86_64-linux-gnu/5/../../../../lib32/crt1.o
 .rel.text.ndn_face_table_remove
                0x00000000080488d8        0x0 /usr/lib/gcc/x86_64-linux-gnu/5/../../../../lib32/crt1.o
 .rel.text.ndn_face_table_init
                0x00000000080488d8        0x0 /usr/lib/gcc/x86_64-linux-gnu/5/../../../../lib32/crt1.o
 .rel.text.tty_uart_setup
                0x00000000080488d8        0x0 /usr/lib/gcc/x86_64-linux-gnu/5/../../../../lib32/crt1.o
 .rel.text.io_signal_handler
                0x00000000080488d8        0x0 /usr/lib/gcc/x86_64-linux-gnu/5/../../../../lib32/crt1.o
 .rel.text.uart_init
                0x00000000080488d8        0x0 /usr/lib/gcc/x86_64-linux-gnu/5/../../../../lib32/crt1.o
 .rel.text.uart_write
                0x00000000080488d8        0x0 /usr/lib/gcc/x86_64-linux-gnu/5/../../../../lib32/crt1.o
 .rel.text.uart_poweron
                0x00000000080488d8        0x0 /usr/lib/gcc/x86_64-linux-gnu/5/../../../../lib32/crt1.o
 .rel.text.uart_poweroff
                0x00000000080488d8        0x0 /usr/lib/gcc/x86_64-linux-gnu/5/../../../../lib32/crt1.o
 .rel.text.pm_set_lowest
                0x00000000080488d8        0x0 /usr/lib/gcc/x86_64-linux-gnu/5/../../../../lib32/crt1.o
 .rel.text.pm_reboot
                0x00000000080488d8        0x0 /usr/lib/gcc/x86_64-linux-gnu/5/../../../../lib32/crt1.o
 .rel.text.ps   0x00000000080488d8        0x0 /usr/lib/gcc/x86_64-linux-gnu/5/../../../../lib32/crt1.o
 .rel.text.tinymt32_next_state
                0x00000000080488d8        0x0 /usr/lib/gcc/x86_64-linux-gnu/5/../../../../lib32/crt1.o
 .rel.text.tinymt32_temper
                0x00000000080488d8        0x0 /usr/lib/gcc/x86_64-linux-gnu/5/../../../../lib32/crt1.o
 .rel.text.tinymt32_generate_uint32
                0x00000000080488d8        0x0 /usr/lib/gcc/x86_64-linux-gnu/5/../../../../lib32/crt1.o
 .rel.text.random_init
                0x00000000080488d8        0x0 /usr/lib/gcc/x86_64-linux-gnu/5/../../../../lib32/crt1.o
 .rel.text.random_uint32
                0x00000000080488d8        0x0 /usr/lib/gcc/x86_64-linux-gnu/5/../../../../lib32/crt1.o
 .rel.text.random_init_by_array
                0x00000000080488d8        0x0 /usr/lib/gcc/x86_64-linux-gnu/5/../../../../lib32/crt1.o
 .rel.text.ini_func1
                0x00000000080488d8        0x0 /usr/lib/gcc/x86_64-linux-gnu/5/../../../../lib32/crt1.o
 .rel.text.ini_func2
                0x00000000080488d8        0x0 /usr/lib/gcc/x86_64-linux-gnu/5/../../../../lib32/crt1.o
 .rel.text.period_certification
                0x00000000080488d8        0x0 /usr/lib/gcc/x86_64-linux-gnu/5/../../../../lib32/crt1.o
 .rel.text.tinymt32_init
                0x00000000080488d8        0x0 /usr/lib/gcc/x86_64-linux-gnu/5/../../../../lib32/crt1.o
 .rel.text.tinymt32_init_by_array
                0x00000000080488d8        0x0 /usr/lib/gcc/x86_64-linux-gnu/5/../../../../lib32/crt1.o
 .rel.text._xtimer_lltimer_now
                0x00000000080488d8        0x0 /usr/lib/gcc/x86_64-linux-gnu/5/../../../../lib32/crt1.o
 .rel.text._xtimer_lltimer_mask
                0x00000000080488d8        0x0 /usr/lib/gcc/x86_64-linux-gnu/5/../../../../lib32/crt1.o
 .rel.text._xtimer_now
                0x00000000080488d8        0x0 /usr/lib/gcc/x86_64-linux-gnu/5/../../../../lib32/crt1.o
 .rel.text._xtimer_spin
                0x00000000080488d8        0x0 /usr/lib/gcc/x86_64-linux-gnu/5/../../../../lib32/crt1.o
 .rel.text._is_set
                0x00000000080488d8        0x0 /usr/lib/gcc/x86_64-linux-gnu/5/../../../../lib32/crt1.o
 .rel.text.xtimer_spin_until
                0x00000000080488d8        0x0 /usr/lib/gcc/x86_64-linux-gnu/5/../../../../lib32/crt1.o
 .rel.text.xtimer_init
                0x00000000080488d8        0x0 /usr/lib/gcc/x86_64-linux-gnu/5/../../../../lib32/crt1.o
 .rel.text._xtimer_now_internal
                0x00000000080488d8        0x0 /usr/lib/gcc/x86_64-linux-gnu/5/../../../../lib32/crt1.o
 .rel.text._xtimer_now64
                0x00000000080488d8        0x0 /usr/lib/gcc/x86_64-linux-gnu/5/../../../../lib32/crt1.o
 .rel.text._xtimer_set64
                0x00000000080488d8        0x0 /usr/lib/gcc/x86_64-linux-gnu/5/../../../../lib32/crt1.o
 .rel.text._xtimer_set
                0x00000000080488d8        0x0 /usr/lib/gcc/x86_64-linux-gnu/5/../../../../lib32/crt1.o
 .rel.text._periph_timer_callback
                0x00000000080488d8        0x0 /usr/lib/gcc/x86_64-linux-gnu/5/../../../../lib32/crt1.o
 .rel.text._shoot
                0x00000000080488d8        0x0 /usr/lib/gcc/x86_64-linux-gnu/5/../../../../lib32/crt1.o
 .rel.text._lltimer_set
                0x00000000080488d8        0x0 /usr/lib/gcc/x86_64-linux-gnu/5/../../../../lib32/crt1.o
 .rel.text._xtimer_set_absolute
                0x00000000080488d8        0x0 /usr/lib/gcc/x86_64-linux-gnu/5/../../../../lib32/crt1.o
 .rel.text._add_timer_to_list
                0x00000000080488d8        0x0 /usr/lib/gcc/x86_64-linux-gnu/5/../../../../lib32/crt1.o
 .rel.text._add_timer_to_long_list
                0x00000000080488d8        0x0 /usr/lib/gcc/x86_64-linux-gnu/5/../../../../lib32/crt1.o
 .rel.text._remove_timer_from_list
                0x00000000080488d8        0x0 /usr/lib/gcc/x86_64-linux-gnu/5/../../../../lib32/crt1.o
 .rel.text._remove
                0x00000000080488d8        0x0 /usr/lib/gcc/x86_64-linux-gnu/5/../../../../lib32/crt1.o
 .rel.text.xtimer_remove
                0x00000000080488d8        0x0 /usr/lib/gcc/x86_64-linux-gnu/5/../../../../lib32/crt1.o
 .rel.text._time_left
                0x00000000080488d8        0x0 /usr/lib/gcc/x86_64-linux-gnu/5/../../../../lib32/crt1.o
 .rel.text._this_high_period
                0x00000000080488d8        0x0 /usr/lib/gcc/x86_64-linux-gnu/5/../../../../lib32/crt1.o
 .rel.text._compare
                0x00000000080488d8        0x0 /usr/lib/gcc/x86_64-linux-gnu/5/../../../../lib32/crt1.o
 .rel.text._merge_lists
                0x00000000080488d8        0x0 /usr/lib/gcc/x86_64-linux-gnu/5/../../../../lib32/crt1.o
 .rel.text._select_long_timers
                0x00000000080488d8        0x0 /usr/lib/gcc/x86_64-linux-gnu/5/../../../../lib32/crt1.o
 .rel.text._next_period
                0x00000000080488d8        0x0 /usr/lib/gcc/x86_64-linux-gnu/5/../../../../lib32/crt1.o
 .rel.text._timer_callback
                0x00000000080488d8        0x0 /usr/lib/gcc/x86_64-linux-gnu/5/../../../../lib32/crt1.o
 .rel.text.list_remove
                0x00000000080488d8        0x0 /usr/lib/gcc/x86_64-linux-gnu/5/../../../../lib32/crt1.o
 .rel.text.mutex_lock
                0x00000000080488d8        0x0 /usr/lib/gcc/x86_64-linux-gnu/5/../../../../lib32/crt1.o
 .rel.text.div_u64_by_15625
                0x00000000080488d8        0x0 /usr/lib/gcc/x86_64-linux-gnu/5/../../../../lib32/crt1.o
 .rel.text.div_u64_by_1000000
                0x00000000080488d8        0x0 /usr/lib/gcc/x86_64-linux-gnu/5/../../../../lib32/crt1.o
 .rel.text._callback_unlock_mutex
                0x00000000080488d8        0x0 /usr/lib/gcc/x86_64-linux-gnu/5/../../../../lib32/crt1.o
 .rel.text._xtimer_tsleep
                0x00000000080488d8        0x0 /usr/lib/gcc/x86_64-linux-gnu/5/../../../../lib32/crt1.o
 .rel.text._xtimer_periodic_wakeup
                0x00000000080488d8        0x0 /usr/lib/gcc/x86_64-linux-gnu/5/../../../../lib32/crt1.o
 .rel.text._callback_msg
                0x00000000080488d8        0x0 /usr/lib/gcc/x86_64-linux-gnu/5/../../../../lib32/crt1.o
 .rel.text._setup_msg
                0x00000000080488d8        0x0 /usr/lib/gcc/x86_64-linux-gnu/5/../../../../lib32/crt1.o
 .rel.text._xtimer_set_msg
                0x00000000080488d8        0x0 /usr/lib/gcc/x86_64-linux-gnu/5/../../../../lib32/crt1.o
 .rel.text._xtimer_set_msg64
                0x00000000080488d8        0x0 /usr/lib/gcc/x86_64-linux-gnu/5/../../../../lib32/crt1.o
 .rel.text._callback_wakeup
                0x00000000080488d8        0x0 /usr/lib/gcc/x86_64-linux-gnu/5/../../../../lib32/crt1.o
 .rel.text._xtimer_set_wakeup
                0x00000000080488d8        0x0 /usr/lib/gcc/x86_64-linux-gnu/5/../../../../lib32/crt1.o
 .rel.text._xtimer_set_wakeup64
                0x00000000080488d8        0x0 /usr/lib/gcc/x86_64-linux-gnu/5/../../../../lib32/crt1.o
 .rel.text.xtimer_now_timex
                0x00000000080488d8        0x0 /usr/lib/gcc/x86_64-linux-gnu/5/../../../../lib32/crt1.o
 .rel.text._setup_timer_msg
                0x00000000080488d8        0x0 /usr/lib/gcc/x86_64-linux-gnu/5/../../../../lib32/crt1.o
 .rel.text._msg_wait
                0x00000000080488d8        0x0 /usr/lib/gcc/x86_64-linux-gnu/5/../../../../lib32/crt1.o
 .rel.text._xtimer_msg_receive_timeout64
                0x00000000080488d8        0x0 /usr/lib/gcc/x86_64-linux-gnu/5/../../../../lib32/crt1.o
 .rel.text._xtimer_msg_receive_timeout
                0x00000000080488d8        0x0 /usr/lib/gcc/x86_64-linux-gnu/5/../../../../lib32/crt1.o
 .rel.text._mutex_timeout
                0x00000000080488d8        0x0 /usr/lib/gcc/x86_64-linux-gnu/5/../../../../lib32/crt1.o
 .rel.text.xtimer_mutex_lock_timeout
                0x00000000080488d8        0x0 /usr/lib/gcc/x86_64-linux-gnu/5/../../../../lib32/crt1.o
 .rel.text.periph_init
                0x00000000080488d8        0x0 /usr/lib/gcc/x86_64-linux-gnu/5/../../../../lib32/crt1.o
 .rel.text.auto_init
                0x00000000080488d8        0x0 /usr/lib/gcc/x86_64-linux-gnu/5/../../../../lib32/crt1.o
 .rel.text.auto_init_netdev_tap
                0x00000000080488d8        0x0 /usr/lib/gcc/x86_64-linux-gnu/5/../../../../lib32/crt1.o
 .rel.text.min  0x00000000080488d8        0x0 /usr/lib/gcc/x86_64-linux-gnu/5/../../../../lib32/crt1.o
 .rel.text.ccm_compute_cbc_mac
                0x00000000080488d8        0x0 /usr/lib/gcc/x86_64-linux-gnu/5/../../../../lib32/crt1.o
 .rel.text.ccm_create_mac_iv
                0x00000000080488d8        0x0 /usr/lib/gcc/x86_64-linux-gnu/5/../../../../lib32/crt1.o
 .rel.text.ccm_compute_adata_mac
                0x00000000080488d8        0x0 /usr/lib/gcc/x86_64-linux-gnu/5/../../../../lib32/crt1.o
 .rel.text._fits_in_nbytes
                0x00000000080488d8        0x0 /usr/lib/gcc/x86_64-linux-gnu/5/../../../../lib32/crt1.o
 .rel.text.cipher_encrypt_ccm
                0x00000000080488d8        0x0 /usr/lib/gcc/x86_64-linux-gnu/5/../../../../lib32/crt1.o
 .rel.text.cipher_decrypt_ccm
                0x00000000080488d8        0x0 /usr/lib/gcc/x86_64-linux-gnu/5/../../../../lib32/crt1.o
 .rel.text.cipher_encrypt_ctr
                0x00000000080488d8        0x0 /usr/lib/gcc/x86_64-linux-gnu/5/../../../../lib32/crt1.o
 .rel.text.cipher_decrypt_ctr
                0x00000000080488d8        0x0 /usr/lib/gcc/x86_64-linux-gnu/5/../../../../lib32/crt1.o
 .rel.text.list_remove_head
                0x00000000080488d8        0x0 /usr/lib/gcc/x86_64-linux-gnu/5/../../../../lib32/crt1.o
 .rel.text._mutex_lock
                0x00000000080488d8        0x0 /usr/lib/gcc/x86_64-linux-gnu/5/../../../../lib32/crt1.o
 .rel.text.mutex_unlock
                0x00000000080488d8        0x0 /usr/lib/gcc/x86_64-linux-gnu/5/../../../../lib32/crt1.o
 .rel.text.mutex_unlock_and_sleep
                0x00000000080488d8        0x0 /usr/lib/gcc/x86_64-linux-gnu/5/../../../../lib32/crt1.o
 .rel.text.cib_avail
                0x00000000080488d8        0x0 /usr/lib/gcc/x86_64-linux-gnu/5/../../../../lib32/crt1.o
 .rel.text.cib_get
                0x00000000080488d8        0x0 /usr/lib/gcc/x86_64-linux-gnu/5/../../../../lib32/crt1.o
 .rel.text.cib_put
                0x00000000080488d8        0x0 /usr/lib/gcc/x86_64-linux-gnu/5/../../../../lib32/crt1.o
 .rel.text.queue_msg
                0x00000000080488d8        0x0 /usr/lib/gcc/x86_64-linux-gnu/5/../../../../lib32/crt1.o
 .rel.text.msg_send
                0x00000000080488d8        0x0 /usr/lib/gcc/x86_64-linux-gnu/5/../../../../lib32/crt1.o
 .rel.text.msg_try_send
                0x00000000080488d8        0x0 /usr/lib/gcc/x86_64-linux-gnu/5/../../../../lib32/crt1.o
 .rel.text._msg_send
                0x00000000080488d8        0x0 /usr/lib/gcc/x86_64-linux-gnu/5/../../../../lib32/crt1.o
 .rel.text.msg_send_to_self
                0x00000000080488d8        0x0 /usr/lib/gcc/x86_64-linux-gnu/5/../../../../lib32/crt1.o
 .rel.text.msg_send_int
                0x00000000080488d8        0x0 /usr/lib/gcc/x86_64-linux-gnu/5/../../../../lib32/crt1.o
 .rel.text.msg_send_receive
                0x00000000080488d8        0x0 /usr/lib/gcc/x86_64-linux-gnu/5/../../../../lib32/crt1.o
 .rel.text.msg_reply
                0x00000000080488d8        0x0 /usr/lib/gcc/x86_64-linux-gnu/5/../../../../lib32/crt1.o
 .rel.text.msg_reply_int
                0x00000000080488d8        0x0 /usr/lib/gcc/x86_64-linux-gnu/5/../../../../lib32/crt1.o
 .rel.text.msg_try_receive
                0x00000000080488d8        0x0 /usr/lib/gcc/x86_64-linux-gnu/5/../../../../lib32/crt1.o
 .rel.text.msg_receive
                0x00000000080488d8        0x0 /usr/lib/gcc/x86_64-linux-gnu/5/../../../../lib32/crt1.o
 .rel.text._msg_receive
                0x00000000080488d8        0x0 /usr/lib/gcc/x86_64-linux-gnu/5/../../../../lib32/crt1.o
 .rel.text.msg_avail
                0x00000000080488d8        0x0 /usr/lib/gcc/x86_64-linux-gnu/5/../../../../lib32/crt1.o
 .rel.text.msg_init_queue
                0x00000000080488d8        0x0 /usr/lib/gcc/x86_64-linux-gnu/5/../../../../lib32/crt1.o
 .rel.text.msg_queue_print
                0x00000000080488d8        0x0 /usr/lib/gcc/x86_64-linux-gnu/5/../../../../lib32/crt1.o
 .rel.text._async_io_isr
                0x00000000080488d8        0x0 /usr/lib/gcc/x86_64-linux-gnu/5/../../../../lib32/crt1.o
 .rel.text.native_async_read_setup
                0x00000000080488d8        0x0 /usr/lib/gcc/x86_64-linux-gnu/5/../../../../lib32/crt1.o
 .rel.text.native_async_read_cleanup
                0x00000000080488d8        0x0 /usr/lib/gcc/x86_64-linux-gnu/5/../../../../lib32/crt1.o
 .rel.text.native_async_read_continue
                0x00000000080488d8        0x0 /usr/lib/gcc/x86_64-linux-gnu/5/../../../../lib32/crt1.o
 .rel.text.native_async_read_add_handler
                0x00000000080488d8        0x0 /usr/lib/gcc/x86_64-linux-gnu/5/../../../../lib32/crt1.o
 .rel.text.crypto_block_inc_ctr
                0x00000000080488d8        0x0 /usr/lib/gcc/x86_64-linux-gnu/5/../../../../lib32/crt1.o
 .rel.text.crypto_equals
                0x00000000080488d8        0x0 /usr/lib/gcc/x86_64-linux-gnu/5/../../../../lib32/crt1.o
 .rel.text._div_mulhi64
                0x00000000080488d8        0x0 /usr/lib/gcc/x86_64-linux-gnu/5/../../../../lib32/crt1.o
 .rel.text._get_set
                0x00000000080488d8        0x0 /usr/lib/gcc/x86_64-linux-gnu/5/../../../../lib32/crt1.o
 .rel.text._snd_rcv
                0x00000000080488d8        0x0 /usr/lib/gcc/x86_64-linux-gnu/5/../../../../lib32/crt1.o
 .rel.text.gnrc_netapi_dispatch
                0x00000000080488d8        0x0 /usr/lib/gcc/x86_64-linux-gnu/5/../../../../lib32/crt1.o
 .rel.text.gnrc_netapi_send
                0x00000000080488d8        0x0 /usr/lib/gcc/x86_64-linux-gnu/5/../../../../lib32/crt1.o
 .rel.text.gnrc_netapi_receive
                0x00000000080488d8        0x0 /usr/lib/gcc/x86_64-linux-gnu/5/../../../../lib32/crt1.o
 .rel.text.gnrc_netapi_get
                0x00000000080488d8        0x0 /usr/lib/gcc/x86_64-linux-gnu/5/../../../../lib32/crt1.o
 .rel.text.gnrc_netapi_set
                0x00000000080488d8        0x0 /usr/lib/gcc/x86_64-linux-gnu/5/../../../../lib32/crt1.o
 .rel.text.gnrc_netapi_dispatch_receive
                0x00000000080488d8        0x0 /usr/lib/gcc/x86_64-linux-gnu/5/../../../../lib32/crt1.o
 .rel.text.rmutex_init
                0x00000000080488d8        0x0 /usr/lib/gcc/x86_64-linux-gnu/5/../../../../lib32/crt1.o
 .rel.text.gnrc_netif_create
                0x00000000080488d8        0x0 /usr/lib/gcc/x86_64-linux-gnu/5/../../../../lib32/crt1.o
 .rel.text.gnrc_netif_numof
                0x00000000080488d8        0x0 /usr/lib/gcc/x86_64-linux-gnu/5/../../../../lib32/crt1.o
 .rel.text.gnrc_netif_iter
                0x00000000080488d8        0x0 /usr/lib/gcc/x86_64-linux-gnu/5/../../../../lib32/crt1.o
 .rel.text.gnrc_netif_get_from_netdev
                0x00000000080488d8        0x0 /usr/lib/gcc/x86_64-linux-gnu/5/../../../../lib32/crt1.o
 .rel.text.gnrc_netif_set_from_netdev
                0x00000000080488d8        0x0 /usr/lib/gcc/x86_64-linux-gnu/5/../../../../lib32/crt1.o
 .rel.text.gnrc_netif_get_by_pid
                0x00000000080488d8        0x0 /usr/lib/gcc/x86_64-linux-gnu/5/../../../../lib32/crt1.o
 .rel.text._half_byte_to_char
                0x00000000080488d8        0x0 /usr/lib/gcc/x86_64-linux-gnu/5/../../../../lib32/crt1.o
 .rel.text.gnrc_netif_addr_to_str
                0x00000000080488d8        0x0 /usr/lib/gcc/x86_64-linux-gnu/5/../../../../lib32/crt1.o
 .rel.text._dehex
                0x00000000080488d8        0x0 /usr/lib/gcc/x86_64-linux-gnu/5/../../../../lib32/crt1.o
 .rel.text.gnrc_netif_addr_from_str
                0x00000000080488d8        0x0 /usr/lib/gcc/x86_64-linux-gnu/5/../../../../lib32/crt1.o
 .rel.text.gnrc_netif_acquire
                0x00000000080488d8        0x0 /usr/lib/gcc/x86_64-linux-gnu/5/../../../../lib32/crt1.o
 .rel.text.gnrc_netif_release
                0x00000000080488d8        0x0 /usr/lib/gcc/x86_64-linux-gnu/5/../../../../lib32/crt1.o
 .rel.text.gnrc_netif_is_6ln
                0x00000000080488d8        0x0 /usr/lib/gcc/x86_64-linux-gnu/5/../../../../lib32/crt1.o
 .rel.text._update_l2addr_from_dev
                0x00000000080488d8        0x0 /usr/lib/gcc/x86_64-linux-gnu/5/../../../../lib32/crt1.o
 .rel.text._init_from_device
                0x00000000080488d8        0x0 /usr/lib/gcc/x86_64-linux-gnu/5/../../../../lib32/crt1.o
 .rel.text._pass_on_packet
                0x00000000080488d8        0x0 /usr/lib/gcc/x86_64-linux-gnu/5/../../../../lib32/crt1.o
 .rel.text._event_cb
                0x00000000080488d8        0x0 /usr/lib/gcc/x86_64-linux-gnu/5/../../../../lib32/crt1.o
 .rel.text.byteorder_swaps
                0x00000000080488d8        0x0 /usr/lib/gcc/x86_64-linux-gnu/5/../../../../lib32/crt1.o
 .rel.text.byteorder_htons
                0x00000000080488d8        0x0 /usr/lib/gcc/x86_64-linux-gnu/5/../../../../lib32/crt1.o
 .rel.text.byteorder_ntohs
                0x00000000080488d8        0x0 /usr/lib/gcc/x86_64-linux-gnu/5/../../../../lib32/crt1.o
 .rel.text.gnrc_nettype_from_ethertype
                0x00000000080488d8        0x0 /usr/lib/gcc/x86_64-linux-gnu/5/../../../../lib32/crt1.o
 .rel.text.gnrc_nettype_to_ethertype
                0x00000000080488d8        0x0 /usr/lib/gcc/x86_64-linux-gnu/5/../../../../lib32/crt1.o
 .rel.text.gnrc_netif_hdr_init
                0x00000000080488d8        0x0 /usr/lib/gcc/x86_64-linux-gnu/5/../../../../lib32/crt1.o
 .rel.text.gnrc_netif_hdr_set_src_addr
                0x00000000080488d8        0x0 /usr/lib/gcc/x86_64-linux-gnu/5/../../../../lib32/crt1.o
 .rel.text.gnrc_netif_hdr_get_dst_addr
                0x00000000080488d8        0x0 /usr/lib/gcc/x86_64-linux-gnu/5/../../../../lib32/crt1.o
 .rel.text.gnrc_netif_hdr_set_dst_addr
                0x00000000080488d8        0x0 /usr/lib/gcc/x86_64-linux-gnu/5/../../../../lib32/crt1.o
 .rel.text.gnrc_netif_ethernet_create
                0x00000000080488d8        0x0 /usr/lib/gcc/x86_64-linux-gnu/5/../../../../lib32/crt1.o
 .rel.text._addr_set_broadcast
                0x00000000080488d8        0x0 /usr/lib/gcc/x86_64-linux-gnu/5/../../../../lib32/crt1.o
 .rel.text._addr_set_multicast
                0x00000000080488d8        0x0 /usr/lib/gcc/x86_64-linux-gnu/5/../../../../lib32/crt1.o
 .rel.text._send
                0x00000000080488d8        0x0 /usr/lib/gcc/x86_64-linux-gnu/5/../../../../lib32/crt1.o
 .rel.text._recv
                0x00000000080488d8        0x0 /usr/lib/gcc/x86_64-linux-gnu/5/../../../../lib32/crt1.o
 .rel.text.gnrc_netif_hdr_build
                0x00000000080488d8        0x0 /usr/lib/gcc/x86_64-linux-gnu/5/../../../../lib32/crt1.o
 .rel.text.gnrc_netif_hdr_get_flag
                0x00000000080488d8        0x0 /usr/lib/gcc/x86_64-linux-gnu/5/../../../../lib32/crt1.o
 .rel.text.gnrc_netif_hdr_get_dstaddr
                0x00000000080488d8        0x0 /usr/lib/gcc/x86_64-linux-gnu/5/../../../../lib32/crt1.o
 .rel.text.gnrc_netif_hdr_get_srcaddr
                0x00000000080488d8        0x0 /usr/lib/gcc/x86_64-linux-gnu/5/../../../../lib32/crt1.o
 .rel.text.gnrc_netreg_init
                0x00000000080488d8        0x0 /usr/lib/gcc/x86_64-linux-gnu/5/../../../../lib32/crt1.o
 .rel.text.gnrc_netreg_register
                0x00000000080488d8        0x0 /usr/lib/gcc/x86_64-linux-gnu/5/../../../../lib32/crt1.o
 .rel.text.gnrc_netreg_unregister
                0x00000000080488d8        0x0 /usr/lib/gcc/x86_64-linux-gnu/5/../../../../lib32/crt1.o
 .rel.text._netreg_lookup
                0x00000000080488d8        0x0 /usr/lib/gcc/x86_64-linux-gnu/5/../../../../lib32/crt1.o
 .rel.text.gnrc_netreg_lookup
                0x00000000080488d8        0x0 /usr/lib/gcc/x86_64-linux-gnu/5/../../../../lib32/crt1.o
 .rel.text.gnrc_netreg_num
                0x00000000080488d8        0x0 /usr/lib/gcc/x86_64-linux-gnu/5/../../../../lib32/crt1.o
 .rel.text.gnrc_netreg_getnext
                0x00000000080488d8        0x0 /usr/lib/gcc/x86_64-linux-gnu/5/../../../../lib32/crt1.o
 .rel.text.gnrc_netreg_calc_csum
                0x00000000080488d8        0x0 /usr/lib/gcc/x86_64-linux-gnu/5/../../../../lib32/crt1.o
 .rel.text.gnrc_pktsnip_search_type
                0x00000000080488d8        0x0 /usr/lib/gcc/x86_64-linux-gnu/5/../../../../lib32/crt1.o
 .rel.text.gnrc_pkt_count
                0x00000000080488d8        0x0 /usr/lib/gcc/x86_64-linux-gnu/5/../../../../lib32/crt1.o
 .rel.text.gnrc_pktbuf_get_iovec
                0x00000000080488d8        0x0 /usr/lib/gcc/x86_64-linux-gnu/5/../../../../lib32/crt1.o
 .rel.text.gnrc_pktbuf_remove_snip
                0x00000000080488d8        0x0 /usr/lib/gcc/x86_64-linux-gnu/5/../../../../lib32/crt1.o
 .rel.text.gnrc_pktbuf_replace_snip
                0x00000000080488d8        0x0 /usr/lib/gcc/x86_64-linux-gnu/5/../../../../lib32/crt1.o
 .rel.text.gnrc_pkt_len_upto
                0x00000000080488d8        0x0 /usr/lib/gcc/x86_64-linux-gnu/5/../../../../lib32/crt1.o
 .rel.text._pktbuf_contains
                0x00000000080488d8        0x0 /usr/lib/gcc/x86_64-linux-gnu/5/../../../../lib32/crt1.o
 .rel.text._align
                0x00000000080488d8        0x0 /usr/lib/gcc/x86_64-linux-gnu/5/../../../../lib32/crt1.o
 .rel.text._set_pktsnip
                0x00000000080488d8        0x0 /usr/lib/gcc/x86_64-linux-gnu/5/../../../../lib32/crt1.o
 .rel.text.gnrc_pktbuf_init
                0x00000000080488d8        0x0 /usr/lib/gcc/x86_64-linux-gnu/5/../../../../lib32/crt1.o
 .rel.text.gnrc_pktbuf_add
                0x00000000080488d8        0x0 /usr/lib/gcc/x86_64-linux-gnu/5/../../../../lib32/crt1.o
 .rel.text.gnrc_pktbuf_mark
                0x00000000080488d8        0x0 /usr/lib/gcc/x86_64-linux-gnu/5/../../../../lib32/crt1.o
 .rel.text.gnrc_pktbuf_realloc_data
                0x00000000080488d8        0x0 /usr/lib/gcc/x86_64-linux-gnu/5/../../../../lib32/crt1.o
 .rel.text.gnrc_pktbuf_hold
                0x00000000080488d8        0x0 /usr/lib/gcc/x86_64-linux-gnu/5/../../../../lib32/crt1.o
 .rel.text._release_error_locked
                0x00000000080488d8        0x0 /usr/lib/gcc/x86_64-linux-gnu/5/../../../../lib32/crt1.o
 .rel.text.gnrc_pktbuf_release_error
                0x00000000080488d8        0x0 /usr/lib/gcc/x86_64-linux-gnu/5/../../../../lib32/crt1.o
 .rel.text.gnrc_pktbuf_start_write
                0x00000000080488d8        0x0 /usr/lib/gcc/x86_64-linux-gnu/5/../../../../lib32/crt1.o
 .rel.text.gnrc_pktbuf_stats
                0x00000000080488d8        0x0 /usr/lib/gcc/x86_64-linux-gnu/5/../../../../lib32/crt1.o
 .rel.text._create_snip
                0x00000000080488d8        0x0 /usr/lib/gcc/x86_64-linux-gnu/5/../../../../lib32/crt1.o
 .rel.text._pktbuf_alloc
                0x00000000080488d8        0x0 /usr/lib/gcc/x86_64-linux-gnu/5/../../../../lib32/crt1.o
 .rel.text._too_small_hole
                0x00000000080488d8        0x0 /usr/lib/gcc/x86_64-linux-gnu/5/../../../../lib32/crt1.o
 .rel.text._merge
                0x00000000080488d8        0x0 /usr/lib/gcc/x86_64-linux-gnu/5/../../../../lib32/crt1.o
 .rel.text._pktbuf_free
                0x00000000080488d8        0x0 /usr/lib/gcc/x86_64-linux-gnu/5/../../../../lib32/crt1.o
 .rel.text.gnrc_pktbuf_duplicate_upto
                0x00000000080488d8        0x0 /usr/lib/gcc/x86_64-linux-gnu/5/../../../../lib32/crt1.o
 .rel.text.be32enc_vect
                0x00000000080488d8        0x0 /usr/lib/gcc/x86_64-linux-gnu/5/../../../../lib32/crt1.o
 .rel.text.sha256_transform
                0x00000000080488d8        0x0 /usr/lib/gcc/x86_64-linux-gnu/5/../../../../lib32/crt1.o
 .rel.text.sha256_pad
                0x00000000080488d8        0x0 /usr/lib/gcc/x86_64-linux-gnu/5/../../../../lib32/crt1.o
 .rel.text.sha256_init
                0x00000000080488d8        0x0 /usr/lib/gcc/x86_64-linux-gnu/5/../../../../lib32/crt1.o
 .rel.text.sha256_update
                0x00000000080488d8        0x0 /usr/lib/gcc/x86_64-linux-gnu/5/../../../../lib32/crt1.o
 .rel.text.sha256_final
                0x00000000080488d8        0x0 /usr/lib/gcc/x86_64-linux-gnu/5/../../../../lib32/crt1.o
 .rel.text.sha256
                0x00000000080488d8        0x0 /usr/lib/gcc/x86_64-linux-gnu/5/../../../../lib32/crt1.o
 .rel.text.hmac_sha256_init
                0x00000000080488d8        0x0 /usr/lib/gcc/x86_64-linux-gnu/5/../../../../lib32/crt1.o
 .rel.text.hmac_sha256_update
                0x00000000080488d8        0x0 /usr/lib/gcc/x86_64-linux-gnu/5/../../../../lib32/crt1.o
 .rel.text.hmac_sha256_final
                0x00000000080488d8        0x0 /usr/lib/gcc/x86_64-linux-gnu/5/../../../../lib32/crt1.o
 .rel.text.hmac_sha256
                0x00000000080488d8        0x0 /usr/lib/gcc/x86_64-linux-gnu/5/../../../../lib32/crt1.o
 .rel.text.sha256_inplace
                0x00000000080488d8        0x0 /usr/lib/gcc/x86_64-linux-gnu/5/../../../../lib32/crt1.o
 .rel.text.sha256_chain
                0x00000000080488d8        0x0 /usr/lib/gcc/x86_64-linux-gnu/5/../../../../lib32/crt1.o
 .rel.text.sha256_chain_with_waypoints
                0x00000000080488d8        0x0 /usr/lib/gcc/x86_64-linux-gnu/5/../../../../lib32/crt1.o
 .rel.text.sha256_chain_verify_element
                0x00000000080488d8        0x0 /usr/lib/gcc/x86_64-linux-gnu/5/../../../../lib32/crt1.o
 .rel.text._get_mac_addr
                0x00000000080488d8        0x0 /usr/lib/gcc/x86_64-linux-gnu/5/../../../../lib32/crt1.o
 .rel.text._set_mac_addr
                0x00000000080488d8        0x0 /usr/lib/gcc/x86_64-linux-gnu/5/../../../../lib32/crt1.o
 .rel.text._get_promiscous
                0x00000000080488d8        0x0 /usr/lib/gcc/x86_64-linux-gnu/5/../../../../lib32/crt1.o
 .rel.text._set_promiscous
                0x00000000080488d8        0x0 /usr/lib/gcc/x86_64-linux-gnu/5/../../../../lib32/crt1.o
 .rel.text._isr
                0x00000000080488d8        0x0 /usr/lib/gcc/x86_64-linux-gnu/5/../../../../lib32/crt1.o
 .rel.text._get
                0x00000000080488d8        0x0 /usr/lib/gcc/x86_64-linux-gnu/5/../../../../lib32/crt1.o
 .rel.text._set
                0x00000000080488d8        0x0 /usr/lib/gcc/x86_64-linux-gnu/5/../../../../lib32/crt1.o
 .rel.text._is_addr_broadcast
                0x00000000080488d8        0x0 /usr/lib/gcc/x86_64-linux-gnu/5/../../../../lib32/crt1.o
 .rel.text._is_addr_multicast
                0x00000000080488d8        0x0 /usr/lib/gcc/x86_64-linux-gnu/5/../../../../lib32/crt1.o
 .rel.text._continue_reading
                0x00000000080488d8        0x0 /usr/lib/gcc/x86_64-linux-gnu/5/../../../../lib32/crt1.o
 .rel.text.netdev_tap_setup
                0x00000000080488d8        0x0 /usr/lib/gcc/x86_64-linux-gnu/5/../../../../lib32/crt1.o
 .rel.text._tap_isr
                0x00000000080488d8        0x0 /usr/lib/gcc/x86_64-linux-gnu/5/../../../../lib32/crt1.o
 .rel.text._init
                0x00000000080488d8        0x0 /usr/lib/gcc/x86_64-linux-gnu/5/../../../../lib32/crt1.o
 .rel.text.ts2ticks
                0x00000000080488d8        0x0 /usr/lib/gcc/x86_64-linux-gnu/5/../../../../lib32/crt1.o
 .rel.text.native_isr_timer
                0x00000000080488d8        0x0 /usr/lib/gcc/x86_64-linux-gnu/5/../../../../lib32/crt1.o
 .rel.text.timer_init
                0x00000000080488d8        0x0 /usr/lib/gcc/x86_64-linux-gnu/5/../../../../lib32/crt1.o
 .rel.text.do_timer_set
                0x00000000080488d8        0x0 /usr/lib/gcc/x86_64-linux-gnu/5/../../../../lib32/crt1.o
 .rel.text.timer_set
                0x00000000080488d8        0x0 /usr/lib/gcc/x86_64-linux-gnu/5/../../../../lib32/crt1.o
 .rel.text.timer_set_absolute
                0x00000000080488d8        0x0 /usr/lib/gcc/x86_64-linux-gnu/5/../../../../lib32/crt1.o
 .rel.text.timer_clear
                0x00000000080488d8        0x0 /usr/lib/gcc/x86_64-linux-gnu/5/../../../../lib32/crt1.o
 .rel.text.timer_start
                0x00000000080488d8        0x0 /usr/lib/gcc/x86_64-linux-gnu/5/../../../../lib32/crt1.o
 .rel.text.timer_stop
                0x00000000080488d8        0x0 /usr/lib/gcc/x86_64-linux-gnu/5/../../../../lib32/crt1.o
 .rel.text.timer_read
                0x00000000080488d8        0x0 /usr/lib/gcc/x86_64-linux-gnu/5/../../../../lib32/crt1.o
 .rel.text.auto_init_random
                0x00000000080488d8        0x0 /usr/lib/gcc/x86_64-linux-gnu/5/../../../../lib32/crt1.o
 .rel.text.random_bytes
                0x00000000080488d8        0x0 /usr/lib/gcc/x86_64-linux-gnu/5/../../../../lib32/crt1.o
 .rel.text.mutex_trylock
                0x00000000080488d8        0x0 /usr/lib/gcc/x86_64-linux-gnu/5/../../../../lib32/crt1.o
 .rel.text._lock
                0x00000000080488d8        0x0 /usr/lib/gcc/x86_64-linux-gnu/5/../../../../lib32/crt1.o
 .rel.text.rmutex_lock
                0x00000000080488d8        0x0 /usr/lib/gcc/x86_64-linux-gnu/5/../../../../lib32/crt1.o
 .rel.text.rmutex_trylock
                0x00000000080488d8        0x0 /usr/lib/gcc/x86_64-linux-gnu/5/../../../../lib32/crt1.o
 .rel.text.rmutex_unlock
                0x00000000080488d8        0x0 /usr/lib/gcc/x86_64-linux-gnu/5/../../../../lib32/crt1.o
 .rel.text.iolist_count
                0x00000000080488d8        0x0 /usr/lib/gcc/x86_64-linux-gnu/5/../../../../lib32/crt1.o
 .rel.text.iolist_size
                0x00000000080488d8        0x0 /usr/lib/gcc/x86_64-linux-gnu/5/../../../../lib32/crt1.o
 .rel.text.iolist_to_iovec
                0x00000000080488d8        0x0 /usr/lib/gcc/x86_64-linux-gnu/5/../../../../lib32/crt1.o
 .rel.text.luid_get
                0x00000000080488d8        0x0 /usr/lib/gcc/x86_64-linux-gnu/5/../../../../lib32/crt1.o
 .rel.text.luid_custom
                0x00000000080488d8        0x0 /usr/lib/gcc/x86_64-linux-gnu/5/../../../../lib32/crt1.o
 .rel.text.luid_base
                0x00000000080488d8        0x0 /usr/lib/gcc/x86_64-linux-gnu/5/../../../../lib32/crt1.o
 .rel.text.ethernet_get_iid
                0x00000000080488d8        0x0 /usr/lib/gcc/x86_64-linux-gnu/5/../../../../lib32/crt1.o
 .rel.text._get_iid
                0x00000000080488d8        0x0 /usr/lib/gcc/x86_64-linux-gnu/5/../../../../lib32/crt1.o
 .rel.text.netdev_eth_get
                0x00000000080488d8        0x0 /usr/lib/gcc/x86_64-linux-gnu/5/../../../../lib32/crt1.o
 .rel.text.netdev_eth_set
                0x00000000080488d8        0x0 /usr/lib/gcc/x86_64-linux-gnu/5/../../../../lib32/crt1.o
 .rel.text.cpuid_get
                0x00000000080488d8        0x0 /usr/lib/gcc/x86_64-linux-gnu/5/../../../../lib32/crt1.o
 *(.rel.fini)
 *(.rel.rodata .rel.rodata.* .rel.gnu.linkonce.r.*)
 *(.rel.data.rel.ro .rel.data.rel.ro.* .rel.gnu.linkonce.d.rel.ro.*)
 *(.rel.data .rel.data.* .rel.gnu.linkonce.d.*)
 *(.rel.tdata .rel.tdata.* .rel.gnu.linkonce.td.*)
 *(.rel.tbss .rel.tbss.* .rel.gnu.linkonce.tb.*)
 *(.rel.ctors)
 *(.rel.dtors)
 *(.rel.got)
 .rel.got       0x00000000080488d8        0x8 /usr/lib/gcc/x86_64-linux-gnu/5/../../../../lib32/crt1.o
 *(.rel.bss .rel.bss.* .rel.gnu.linkonce.b.*)
 .rel.bss       0x00000000080488e0       0x18 /usr/lib/gcc/x86_64-linux-gnu/5/../../../../lib32/crt1.o
 *(.rel.ifunc)

.rel.plt        0x00000000080488f8       0xe0
 *(.rel.plt)
 .rel.plt       0x00000000080488f8       0xe0 /usr/lib/gcc/x86_64-linux-gnu/5/../../../../lib32/crt1.o
                [!provide]                        PROVIDE (__rel_iplt_start, .)
 *(.rel.iplt)
 .rel.iplt      0x00000000080489d8        0x0 /usr/lib/gcc/x86_64-linux-gnu/5/../../../../lib32/crt1.o
                [!provide]                        PROVIDE (__rel_iplt_end, .)

.init           0x00000000080489d8       0x23
 *(SORT(.init))
 .init          0x00000000080489d8       0x1e /usr/lib/gcc/x86_64-linux-gnu/5/../../../../lib32/crti.o
                0x00000000080489d8                _init
 .init          0x00000000080489f6        0x5 /usr/lib/gcc/x86_64-linux-gnu/5/../../../../lib32/crtn.o

.plt            0x0000000008048a00      0x1d0
 *(.plt)
 .plt           0x0000000008048a00      0x1d0 /usr/lib/gcc/x86_64-linux-gnu/5/../../../../lib32/crt1.o
                0x0000000008048a10                strcmp@@GLIBC_2.0
                0x0000000008048a20                sigprocmask@@GLIBC_2.0
                0x0000000008048a30                memcpy@@GLIBC_2.0
                0x0000000008048a40                setcontext@@GLIBC_2.0
                0x0000000008048a50                memcmp@@GLIBC_2.0
                0x0000000008048a60                __stack_chk_fail@@GLIBC_2.4
                0x0000000008048a70                strerror@@GLIBC_2.0
                0x0000000008048a80                getopt_long@@GLIBC_2.0
                0x0000000008048a90                strlen@@GLIBC_2.0
                0x0000000008048aa0                __libc_start_main@@GLIBC_2.0
                0x0000000008048ab0                sigdelset@@GLIBC_2.0
                0x0000000008048ac0                atol@@GLIBC_2.0
                0x0000000008048ad0                getcontext@@GLIBC_2.1
                0x0000000008048ae0                sigaddset@@GLIBC_2.0
                0x0000000008048af0                dlsym@@GLIBC_2.0
                0x0000000008048b00                sigfillset@@GLIBC_2.0
                0x0000000008048b10                memset@@GLIBC_2.0
                0x0000000008048b20                snprintf@@GLIBC_2.0
                0x0000000008048b30                swapcontext@@GLIBC_2.1
                0x0000000008048b40                __errno_location@@GLIBC_2.0
                0x0000000008048b50                strncpy@@GLIBC_2.0
                0x0000000008048b60                fileno@@GLIBC_2.0
                0x0000000008048b70                makecontext@@GLIBC_2.1
                0x0000000008048b80                strndup@@GLIBC_2.0
                0x0000000008048b90                sigemptyset@@GLIBC_2.0
                0x0000000008048ba0                vsnprintf@@GLIBC_2.0
                0x0000000008048bb0                sigaction@@GLIBC_2.0
                0x0000000008048bc0                sigaltstack@@GLIBC_2.0
 *(.iplt)
 .iplt          0x0000000008048bd0        0x0 /usr/lib/gcc/x86_64-linux-gnu/5/../../../../lib32/crt1.o

.plt.got        0x0000000008048bd0        0x8
 *(.plt.got)
 .plt.got       0x0000000008048bd0        0x8 /usr/lib/gcc/x86_64-linux-gnu/5/../../../../lib32/crt1.o

.text           0x0000000008048be0    0x17012
 *(.text.unlikely .text.*_unlikely .text.unlikely.*)
 *(.text.exit .text.exit.*)
 *(.text.startup .text.startup.*)
 .text.startup  0x0000000008048be0      0x350 /home/yu/NDN/RIOT/examples/controller-ace/bin/native/cpu/startup.o
 *(.text.hot .text.hot.*)
 *(.text .stub .text.* .gnu.linkonce.t.*)
 .text          0x0000000008048f30       0x22 /usr/lib/gcc/x86_64-linux-gnu/5/../../../../lib32/crt1.o
                0x0000000008048f30                _start
 *fill*         0x0000000008048f52        0xe 
 .gnu.linkonce.t.__x86.get_pc_thunk.bx
                0x0000000008048f60        0x4 /usr/lib/gcc/x86_64-linux-gnu/5/../../../../lib32/crti.o
                0x0000000008048f60                __x86.get_pc_thunk.bx
 *fill*         0x0000000008048f64        0xc 
 .text          0x0000000008048f70       0xbb /usr/lib/gcc/x86_64-linux-gnu/5/32/crtbegin.o
 .text._native_input
                0x000000000804902b       0x81 /home/yu/NDN/RIOT/examples/controller-ace/bin/native/cpu/startup.o
                0x000000000804902b                _native_input
 .text._native_log_output
                0x00000000080490ac      0x135 /home/yu/NDN/RIOT/examples/controller-ace/bin/native/cpu/startup.o
                0x00000000080490ac                _native_log_output
 .text.daemonize
                0x00000000080491e1       0xd4 /home/yu/NDN/RIOT/examples/controller-ace/bin/native/cpu/startup.o
                0x00000000080491e1                daemonize
 .text.filter_daemonize_argv
                0x00000000080492b5       0xa0 /home/yu/NDN/RIOT/examples/controller-ace/bin/native/cpu/startup.o
 .text.usage_exit
                0x0000000008049355       0xa6 /home/yu/NDN/RIOT/examples/controller-ace/bin/native/cpu/startup.o
                0x0000000008049355                usage_exit
 .text.main     0x00000000080493fb       0x40 /home/yu/NDN/RIOT/examples/controller-ace/bin/native/application_ndn_controller.a(main.o)
                0x00000000080493fb                main
 .text.thread_getpid
                0x000000000804943b       0x2b /home/yu/NDN/RIOT/examples/controller-ace/bin/native/application_ndn_controller.a(ndn_controller.o)
 .text.ndn_name_append_uint8
                0x0000000008049466       0x44 /home/yu/NDN/RIOT/examples/controller-ace/bin/native/application_ndn_controller.a(ndn_controller.o)
 .text.vli_print
                0x00000000080494aa       0x65 /home/yu/NDN/RIOT/examples/controller-ace/bin/native/application_ndn_controller.a(ndn_controller.o)
 .text._ace_table_init
                0x000000000804950f       0xa6 /home/yu/NDN/RIOT/examples/controller-ace/bin/native/application_ndn_controller.a(ndn_controller.o)
 .text.ace_send_data
                0x00000000080495b5      0x135 /home/yu/NDN/RIOT/examples/controller-ace/bin/native/application_ndn_controller.a(ndn_controller.o)
 .text.ace_producer_operation
                0x00000000080496ea       0xdd /home/yu/NDN/RIOT/examples/controller-ace/bin/native/application_ndn_controller.a(ndn_controller.o)
 .text.ace_consumer_operation
                0x00000000080497c7      0x5a3 /home/yu/NDN/RIOT/examples/controller-ace/bin/native/application_ndn_controller.a(ndn_controller.o)
 .text.ace_user_defined_operation
                0x0000000008049d6a       0x41 /home/yu/NDN/RIOT/examples/controller-ace/bin/native/application_ndn_controller.a(ndn_controller.o)
 .text.on_interest
                0x0000000008049dab      0x5cb /home/yu/NDN/RIOT/examples/controller-ace/bin/native/application_ndn_controller.a(ndn_controller.o)
 .text.ndn_controller_ace
                0x000000000804a376      0x173 /home/yu/NDN/RIOT/examples/controller-ace/bin/native/application_ndn_controller.a(ndn_controller.o)
                0x000000000804a376                ndn_controller_ace
 .text.board_init
                0x000000000804a4e9       0x3f /home/yu/NDN/RIOT/examples/controller-ace/bin/native/board.a(board_init.o)
                0x000000000804a4e9                board_init
 .text.cipher_encrypt_cbc
                0x000000000804a528      0x137 /home/yu/NDN/RIOT/examples/controller-ace/bin/native/cipher_modes.a(cbc.o)
                0x000000000804a528                cipher_encrypt_cbc
 .text.cipher_decrypt_cbc
                0x000000000804a65f      0x10c /home/yu/NDN/RIOT/examples/controller-ace/bin/native/cipher_modes.a(cbc.o)
                0x000000000804a65f                cipher_decrypt_cbc
 .text.bitarithm_lsb
                0x000000000804a76b       0x47 /home/yu/NDN/RIOT/examples/controller-ace/bin/native/core.a(sched.o)
 .text.clist_rpush
                0x000000000804a7b2       0x62 /home/yu/NDN/RIOT/examples/controller-ace/bin/native/core.a(sched.o)
 .text.clist_lpop
                0x000000000804a814       0x68 /home/yu/NDN/RIOT/examples/controller-ace/bin/native/core.a(sched.o)
 .text.sched_run
                0x000000000804a87c       0xaa /home/yu/NDN/RIOT/examples/controller-ace/bin/native/core.a(sched.o)
                0x000000000804a87c                sched_run
 .text.sched_set_status
                0x000000000804a926       0xfe /home/yu/NDN/RIOT/examples/controller-ace/bin/native/core.a(sched.o)
                0x000000000804a926                sched_set_status
 .text.sched_switch
                0x000000000804aa24       0x7f /home/yu/NDN/RIOT/examples/controller-ace/bin/native/core.a(sched.o)
                0x000000000804aa24                sched_switch
 .text.sched_task_exit
                0x000000000804aaa3       0x58 /home/yu/NDN/RIOT/examples/controller-ace/bin/native/core.a(sched.o)
                0x000000000804aaa3                sched_task_exit
 .text.main_trampoline
                0x000000000804aafb       0x49 /home/yu/NDN/RIOT/examples/controller-ace/bin/native/core.a(kernel_init.o)
 .text.idle_thread
                0x000000000804ab44       0x1e /home/yu/NDN/RIOT/examples/controller-ace/bin/native/core.a(kernel_init.o)
 .text.kernel_init
                0x000000000804ab62       0x67 /home/yu/NDN/RIOT/examples/controller-ace/bin/native/core.a(kernel_init.o)
                0x000000000804ab62                kernel_init
 .text._assert_failure
                0x000000000804abc9       0x42 /home/yu/NDN/RIOT/examples/controller-ace/bin/native/core.a(assert.o)
                0x000000000804abc9                _assert_failure
 .text.clist_lpoprpush
                0x000000000804ac0b       0x40 /home/yu/NDN/RIOT/examples/controller-ace/bin/native/core.a(thread.o)
 .text.cib_init
                0x000000000804ac4b       0x78 /home/yu/NDN/RIOT/examples/controller-ace/bin/native/core.a(thread.o)
 .text.thread_yield
                0x000000000804acc3       0x71 /home/yu/NDN/RIOT/examples/controller-ace/bin/native/core.a(thread.o)
                0x000000000804acc3                thread_yield
 .text.thread_add_to_list
                0x000000000804ad34       0xab /home/yu/NDN/RIOT/examples/controller-ace/bin/native/core.a(thread.o)
                0x000000000804ad34                thread_add_to_list
 .text.thread_measure_stack_free
                0x000000000804addf       0x52 /home/yu/NDN/RIOT/examples/controller-ace/bin/native/core.a(thread.o)
                0x000000000804addf                thread_measure_stack_free
 .text.thread_create
                0x000000000804ae31      0x263 /home/yu/NDN/RIOT/examples/controller-ace/bin/native/core.a(thread.o)
                0x000000000804ae31                thread_create
 .text.panic_arch
                0x000000000804b094       0x25 /home/yu/NDN/RIOT/examples/controller-ace/bin/native/core.a(panic.o)
                0x000000000804b094                panic_arch
 .text.core_panic
                0x000000000804b0b9       0x8e /home/yu/NDN/RIOT/examples/controller-ace/bin/native/core.a(panic.o)
                0x000000000804b0b9                core_panic
 .text._native_syscall_enter
                0x000000000804b147       0x32 /home/yu/NDN/RIOT/examples/controller-ace/bin/native/cpu.a(syscalls.o)
                0x000000000804b147                _native_syscall_enter
 .text._native_syscall_leave
                0x000000000804b179       0xef /home/yu/NDN/RIOT/examples/controller-ace/bin/native/cpu.a(syscalls.o)
                0x000000000804b179                _native_syscall_leave
 .text.malloc   0x000000000804b268       0x94 /home/yu/NDN/RIOT/examples/controller-ace/bin/native/cpu.a(syscalls.o)
                0x000000000804b268                malloc
 .text.free     0x000000000804b2fc       0x45 /home/yu/NDN/RIOT/examples/controller-ace/bin/native/cpu.a(syscalls.o)
                0x000000000804b2fc                free
 .text.calloc   0x000000000804b341       0x9d /home/yu/NDN/RIOT/examples/controller-ace/bin/native/cpu.a(syscalls.o)
                0x000000000804b341                calloc
 .text.realloc  0x000000000804b3de       0x53 /home/yu/NDN/RIOT/examples/controller-ace/bin/native/cpu.a(syscalls.o)
                0x000000000804b3de                realloc
 .text._native_write
                0x000000000804b431       0x5c /home/yu/NDN/RIOT/examples/controller-ace/bin/native/cpu.a(syscalls.o)
                0x000000000804b431                _native_write
 .text._native_writev
                0x000000000804b48d       0x5c /home/yu/NDN/RIOT/examples/controller-ace/bin/native/cpu.a(syscalls.o)
                0x000000000804b48d                _native_writev
 .text.putchar  0x000000000804b4e9       0x42 /home/yu/NDN/RIOT/examples/controller-ace/bin/native/cpu.a(syscalls.o)
                0x000000000804b4e9                putchar
 .text.puts     0x000000000804b52b       0x5c /home/yu/NDN/RIOT/examples/controller-ace/bin/native/cpu.a(syscalls.o)
                0x000000000804b52b                puts
 .text.make_message
                0x000000000804b587       0xc9 /home/yu/NDN/RIOT/examples/controller-ace/bin/native/cpu.a(syscalls.o)
                0x000000000804b587                make_message
 .text.printf   0x000000000804b650       0x4e /home/yu/NDN/RIOT/examples/controller-ace/bin/native/cpu.a(syscalls.o)
                0x000000000804b650                printf
 .text.vprintf  0x000000000804b69e       0x47 /home/yu/NDN/RIOT/examples/controller-ace/bin/native/cpu.a(syscalls.o)
                0x000000000804b69e                vprintf
 .text.fprintf  0x000000000804b6e5       0x51 /home/yu/NDN/RIOT/examples/controller-ace/bin/native/cpu.a(syscalls.o)
                0x000000000804b6e5                fprintf
 .text.vfprintf
                0x000000000804b736       0xa5 /home/yu/NDN/RIOT/examples/controller-ace/bin/native/cpu.a(syscalls.o)
                0x000000000804b736                vfprintf
 .text.vwarn    0x000000000804b7db      0x130 /home/yu/NDN/RIOT/examples/controller-ace/bin/native/cpu.a(syscalls.o)
                0x000000000804b7db                vwarn
 .text.vwarnx   0x000000000804b90b       0xe7 /home/yu/NDN/RIOT/examples/controller-ace/bin/native/cpu.a(syscalls.o)
                0x000000000804b90b                vwarnx
 .text.verr     0x000000000804b9f2       0x41 /home/yu/NDN/RIOT/examples/controller-ace/bin/native/cpu.a(syscalls.o)
                0x000000000804b9f2                verr
 .text.verrx    0x000000000804ba33       0x41 /home/yu/NDN/RIOT/examples/controller-ace/bin/native/cpu.a(syscalls.o)
                0x000000000804ba33                verrx
 .text.warn     0x000000000804ba74       0x43 /home/yu/NDN/RIOT/examples/controller-ace/bin/native/cpu.a(syscalls.o)
                0x000000000804ba74                warn
 .text.warnx    0x000000000804bab7       0x43 /home/yu/NDN/RIOT/examples/controller-ace/bin/native/cpu.a(syscalls.o)
                0x000000000804bab7                warnx
 .text.err      0x000000000804bafa       0x35 /home/yu/NDN/RIOT/examples/controller-ace/bin/native/cpu.a(syscalls.o)
                0x000000000804bafa                err
 .text.errx     0x000000000804bb2f       0x35 /home/yu/NDN/RIOT/examples/controller-ace/bin/native/cpu.a(syscalls.o)
                0x000000000804bb2f                errx
 .text.getpid   0x000000000804bb64       0x39 /home/yu/NDN/RIOT/examples/controller-ace/bin/native/cpu.a(syscalls.o)
                0x000000000804bb64                getpid
 .text._native_init_syscalls
                0x000000000804bb9d      0x50b /home/yu/NDN/RIOT/examples/controller-ace/bin/native/cpu.a(syscalls.o)
                0x000000000804bb9d                _native_init_syscalls
 .text.thread_isr_stack_pointer
                0x000000000804c0a8       0x29 /home/yu/NDN/RIOT/examples/controller-ace/bin/native/cpu.a(irq_cpu.o)
                0x000000000804c0a8                thread_isr_stack_pointer
 .text.thread_isr_stack_start
                0x000000000804c0d1       0x29 /home/yu/NDN/RIOT/examples/controller-ace/bin/native/cpu.a(irq_cpu.o)
                0x000000000804c0d1                thread_isr_stack_start
 .text.irq_disable
                0x000000000804c0fa       0x70 /home/yu/NDN/RIOT/examples/controller-ace/bin/native/cpu.a(irq_cpu.o)
                0x000000000804c0fa                irq_disable
 .text.irq_enable
                0x000000000804c16a       0x8b /home/yu/NDN/RIOT/examples/controller-ace/bin/native/cpu.a(irq_cpu.o)
                0x000000000804c16a                irq_enable
 .text.irq_restore
                0x000000000804c1f5       0x3d /home/yu/NDN/RIOT/examples/controller-ace/bin/native/cpu.a(irq_cpu.o)
                0x000000000804c1f5                irq_restore
 .text.irq_is_in
                0x000000000804c232       0x29 /home/yu/NDN/RIOT/examples/controller-ace/bin/native/cpu.a(irq_cpu.o)